[36mvite v7.3.1 [32mbuilding client environment for production...[36m[39m
transforming...
[32mΓ£ô[39m 3906 modules transformed.
node.exe : 
[31mΓ£ù[39m Build 
failed in 7.05s
At line:1 char:1
+ & "C:\Program Files
\nodejs/node.exe" 
"C:\Program 
Files\nodejs/node_mo 
...
+ ~~~~~~~~~~~~~~~~~~~
~~~~~~~~~~~~~~~~~~~~~
~~~~~~~~~~~~~~~~~~~~~
~~~~~~~~
    + CategoryInfo   
           : NotSpe  
  cified: ([31mΓ£   
 ù[39m Build fai    
led in 7.05s:Str    
ing) [], RemoteE    
xception
    + FullyQualified 
   ErrorId : Native  
  CommandError
 
[31merror during 
build:
[31m[vite-plugin-pwa
:build] [plugin vite-
plugin-pwa:build] src
/lib/three/cssHsl.ts 
(7:0): There was an 
error during the 
build:
  Transform failed 
with 1 error:
C:/Users/sinyo/aSpira
l/aSpiral/aSpiral/aSp
iral/src/lib/three/cs
sHsl.ts:7:0: ERROR: 
Unexpected "<<"
Additionally, 
handling the error 
in the 'buildEnd' 
hook caused the 
following error:
  Transform failed 
with 1 error:
C:/Users/sinyo/aSpira
l/aSpiral/aSpiral/aSp
iral/src/lib/three/cs
sHsl.ts:7:0: ERROR: 
Unexpected "<<"[31m
file: [36mC:/Users/s
inyo/aSpiral/aSpiral/
aSpiral/aSpiral/src/l
ib/three/cssHsl.ts:7:
0[31m
[33m
[33mUnexpected 
"<<"[33m
5  |   */
6  |  
7  |  <<<<<<< HEAD
   |  ^
8  |  /** Normalized 
HSL fractions for 
THREE.Color 
compatibility */
9  |  export 
interface 
HslFractions {
[31m
    at 
getRollupError (file:
///C:/Users/sinyo/aSp
iral/aSpiral/aSpiral/
aSpiral/node_modules/
vite/node_modules/rol
lup/dist/es/shared/pa
rseAst.js:401:41)
    at file:///C:/Use
rs/sinyo/aSpiral/aSpi
ral/aSpiral/aSpiral/n
ode_modules/vite/node
_modules/rollup/dist/
es/shared/node-entry.
js:23418:39
    at process.proces
sTicksAndRejections (
node:internal/process
/task_queues:105:5)
    at async catchUnf
inishedHookActions (f
ile:///C:/Users/sinyo
/aSpiral/aSpiral/aSpi
ral/aSpiral/node_modu
les/vite/node_modules
/rollup/dist/es/share
d/node-entry.js:22876
:16)
    at async 
rollupInternal (file:
///C:/Users/sinyo/aSp
iral/aSpiral/aSpiral/
aSpiral/node_modules/
vite/node_modules/rol
lup/dist/es/shared/no
de-entry.js:23401:5)
    at async 
buildEnvironment (fil
e:///C:/Users/sinyo/a
Spiral/aSpiral/aSpira
l/aSpiral/node_module
s/vite/dist/node/chun
ks/config.js:33541:12
)
    at async 
Object.build (file://
/C:/Users/sinyo/aSpir
al/aSpiral/aSpiral/aS
piral/node_modules/vi
te/dist/node/chunks/c
onfig.js:33900:19)
    at async 
Object.buildApp (file
:///C:/Users/sinyo/aS
piral/aSpiral/aSpiral
/aSpiral/node_modules
/vite/dist/node/chunk
s/config.js:33897:153
)
    at async 
CAC.<anonymous> (file
:///C:/Users/sinyo/aS
piral/aSpiral/aSpiral
/aSpiral/node_modules
/vite/dist/node/cli.j
s:629:3)[39m
