
> aspiral@1.0.0 test
> vitest run


[1m[46m RUN [49m[22m [36mv4.0.17 [39m[90mC:/Users/sinyo/aSpiral/aSpiral/aSpiral/aSpiral[39m

 [32mΓ£ô[39m src/hooks/__tests__/voice-hooks-sanity.test.ts [2m([22m[2m2 tests[22m[2m)[22m[32m 4[2mms[22m[39m
 [32mΓ£ô[39m src/lib/__tests__/cross-platform-voice.test.ts [2m([22m[2m28 tests[22m[2m)[22m[32m 12[2mms[22m[39m
 [32mΓ£ô[39m src/lib/__tests__/analytics-persistence.test.ts [2m([22m[2m8 tests[22m[2m)[22m[32m 12[2mms[22m[39m
[90mstdout[2m | src/lib/__tests__/fsm-transitions.test.ts[2m > [22m[2mSpiralMachine FSM[2m > [22m[2mValid Transitions from IDLE[2m > [22m[2mIDLE ΓåÆ 'LISTENING' via 'START_LISTENING'
[22m[39m[INFO] SpiralMachine: State transition { from: [32m'IDLE'[39m, to: [32m'LISTENING'[39m, event: [32m'START_LISTENING'[39m }

[90mstdout[2m | src/lib/__tests__/fsm-transitions.test.ts[2m > [22m[2mSpiralMachine FSM[2m > [22m[2mValid Transitions from IDLE[2m > [22m[2mIDLE ΓåÆ 'LISTENING' via 'TEXT_INPUT'
[22m[39m[INFO] SpiralMachine: State transition { from: [32m'IDLE'[39m, to: [32m'LISTENING'[39m, event: [32m'TEXT_INPUT'[39m }

[90mstdout[2m | src/lib/__tests__/fsm-transitions.test.ts[2m > [22m[2mSpiralMachine FSM[2m > [22m[2mValid Transitions from IDLE[2m > [22m[2mIDLE ΓåÆ 'PROCESSING' via 'START_PROCESSING'
[22m[39m[INFO] SpiralMachine: State transition { from: [32m'IDLE'[39m, to: [32m'PROCESSING'[39m, event: [32m'START_PROCESSING'[39m }

[90mstdout[2m | src/lib/__tests__/fsm-transitions.test.ts[2m > [22m[2mSpiralMachine FSM[2m > [22m[2mValid Transitions from IDLE[2m > [22m[2mIDLE ΓåÆ 'CINEMATIC' via 'TRIGGER_CINEMATIC'
[22m[39m[INFO] SpiralMachine: State transition { from: [32m'IDLE'[39m, to: [32m'CINEMATIC'[39m, event: [32m'TRIGGER_CINEMATIC'[39m }

[90mstdout[2m | src/lib/__tests__/fsm-transitions.test.ts[2m > [22m[2mSpiralMachine FSM[2m > [22m[2mValid Transitions from IDLE[2m > [22m[2mIDLE ΓåÆ 'IDLE' via 'RESET'
[22m[39m[INFO] SpiralMachine: State transition { from: [32m'IDLE'[39m, to: [32m'IDLE'[39m, event: [32m'RESET'[39m }

[90mstdout[2m | src/lib/__tests__/fsm-transitions.test.ts[2m > [22m[2mSpiralMachine FSM[2m > [22m[2mValid Transitions from LISTENING[2m > [22m[2mLISTENING ΓåÆ 'IDLE' via 'STOP_LISTENING'
[22m[39m[INFO] SpiralMachine: State transition { from: [32m'IDLE'[39m, to: [32m'LISTENING'[39m, event: [32m'START_LISTENING'[39m }
[INFO] SpiralMachine: State transition { from: [32m'LISTENING'[39m, to: [32m'IDLE'[39m, event: [32m'STOP_LISTENING'[39m }

[90mstdout[2m | src/lib/breakthrough/__tests__/selector.test.ts[2m > [22m[2mBreakthrough Selector[2m > [22m[2mRecency Avoidance[2m > [22m[2mshould avoid variants used in last 10 plays
[22m[39m[INFO] BreakthroughHistory: Breakthrough history cleared 

[90mstdout[2m | src/lib/breakthrough/__tests__/selector.test.ts[2m > [22m[2mBreakthrough Selector[2m > [22m[2mRecency Avoidance[2m > [22m[2mshould avoid variants used in last 10 plays
[22m[39m[INFO] BreakthroughHistory: Breakthrough recorded {
  variantId: [32m'gentle_unfold'[39m,
  seed: [33m12345[39m,
  completed: [33mtrue[39m,
  wasFallback: [33mfalse[39m
}
[INFO] BreakthroughHistory: Breakthrough recorded {
  variantId: [32m'veil_lift'[39m,
  seed: [33m12345[39m,
  completed: [33mtrue[39m,
  wasFallback: [33mfalse[39m
}
[INFO] BreakthroughHistory: Breakthrough recorded {
  variantId: [32m'dawn_break'[39m,
  seed: [33m12345[39m,
  completed: [33mtrue[39m,
  wasFallback: [33mfalse[39m
}
[INFO] BreakthroughHistory: Breakthrough recorded {
  variantId: [32m'mist_clear'[39m,
  seed: [33m12345[39m,
  completed: [33mtrue[39m,
  wasFallback: [33mfalse[39m
}
[INFO] BreakthroughHistory: Breakthrough recorded {
  variantId: [32m'truth_bloom'[39m,
  seed: [33m12345[39m,
  completed: [33mtrue[39m,
  wasFallback: [33mfalse[39m
}
[INFO] BreakthroughHistory: Breakthrough recorded {
  variantId: [32m'tension_dissolve'[39m,
  seed: [33m12345[39m,
  completed: [33mtrue[39m,
  wasFallback: [33mfalse[39m
}
[INFO] BreakthroughHistory: Breakthrough recorded {
  variantId: [32m'weight_lift'[39m,
  seed: [33m12345[39m,
  completed: [33mtrue[39m,
  wasFallback: [33mfalse[39m
}
[INFO] BreakthroughHistory: Breakthrough recorded {
  variantId: [32m'particle_unbind'[39m,
  seed: [33m12345[39m,
  completed: [33mtrue[39m,
  wasFallback: [33mfalse[39m
}
[INFO] BreakthroughHistory: Breakthrough recorded {
  variantId: [32m'breath_out'[39m,
  seed: [33m12345[39m,
  completed: [33mtrue[39m,
  wasFallback: [33mfalse[39m
}
[INFO] BreakthroughHistory: Breakthrough recorded {
  variantId: [32m'chain_break'[39m,
  seed: [33m12345[39m,
  completed: [33mtrue[39m,
  wasFallback: [33mfalse[39m
}
[INFO] BreakthroughSelector: Variant selected {
  variantId: [32m'perspective_shift'[39m,
  seed: [33m1477495944[39m,
  score: [33m0.7999999999999999[39m,
  eligibleCount: [33m44[39m
}
[INFO] BreakthroughSelector: Variant selected {
  variantId: [32m'connection_redraw'[39m,
  seed: [33m1506301589[39m,
  score: [33m0.7999999999999999[39m,
  eligibleCount: [33m44[39m
}
[INFO] BreakthroughSelector: Variant selected {
  variantId: [32m'perspective_shift'[39m,
  seed: [33m378918297[39m,
  score: [33m0.7999999999999999[39m,
  eligibleCount: [33m44[39m
}
[INFO] BreakthroughSelector: Variant selected {
  variantId: [32m'connection_redraw'[39m,
  seed: [33m1916183479[39m,
  score: [33m0.7999999999999999[39m,
  eligibleCount: [33m44[39m
}
[INFO] BreakthroughSelector: Variant selected {
  variantId: [32m'perspective_shift'[39m,
  seed: [33m248433354[39m,
  score: [33m0.7999999999999999[39m,
  eligibleCount: [33m44[39m
}
[INFO] BreakthroughSelector: Variant selected {
  variantId: [32m'perspective_shift'[39m,
  seed: [33m551191675[39m,
  score: [33m0.7999999999999999[39m,
  eligibleCount: [33m44[39m
}
[INFO] BreakthroughSelector: Variant selected {
  variantId: [32m'perspective_shift'[39m,
  seed: [33m1392835238[39m,
  score: [33m0.7999999999999999[39m,
  eligibleCount: [33m44[39m
}
[INFO] BreakthroughSelector: Variant selected {
  variantId: [32m'connection_redraw'[39m,
  seed: [33m1363156639[39m,
  score: [33m0.7999999999999999[39m,
  eligibleCount: [33m44[39m
}
[INFO] BreakthroughSelector: Variant selected {
  variantId: [32m'connection_redraw'[39m,
  seed: [33m914599097[39m,
  score: [33m0.7999999999999999[39m,
  eligibleCount: [33m44[39m
}
[INFO] BreakthroughSelector: Variant selected {
  variantId: [32m'connection_redraw'[39m,
  seed: [33m1856455207[39m,
  score: [33m0.7999999999999999[39m,
  eligibleCount: [33m44[39m
}
[INFO] BreakthroughSelector: Variant selected {
  variantId: [32m'connection_redraw'[39m,
  seed: [33m1765916279[39m,
  score: [33m0.7999999999999999[39m,
  eligibleCount: [33m44[39m
}
[INFO] BreakthroughSelector: Variant selected {
  variantId: [32m'perspective_shift'[39m,
  seed: [33m1648019998[39m,
  score: [33m0.7999999999999999[39m,
  eligibleCount: [33m44[39m
}
[INFO] BreakthroughSelector: Variant selected {
  variantId: [32m'perspective_shift'[39m,
  seed: [33m2138727209[39m,
  score: [33m0.7999999999999999[39m,
  eligibleCount: [33m44[39m
}
[INFO] BreakthroughSelector: Variant selected {
  variantId: [32m'connection_redraw'[39m,
  seed: [33m36757643[39m,
  score: [33m0.7999999999999999[39m,
  eligibleCount: [33m44[39m
}
[INFO] BreakthroughSelector: Variant selected {
  variantId: [32m'perspective_shift'[39m,
  seed: [33m1516705763[39m,
  score: [33m0.7999999999999999[39m,
  eligibleCount: [33m44[39m
}
[INFO] BreakthroughSelector: Variant selected {
  variantId: [32m'connection_redraw'[39m,
  seed: [33m697717917[39m,
  score: [33m0.7999999999999999[39m,
  eligibleCount: [33m44[39m
}
[INFO] BreakthroughSelector: Variant selected {
  variantId: [32m'connection_redraw'[39m,
  seed: [33m1738532600[39m,
  score: [33m0.7999999999999999[39m,
  eligibleCount: [33m44[39m
}
[INFO] BreakthroughSelector: Variant selected {
  variantId: [32m'connection_redraw'[39m,
  seed: [33m1211013055[39m,
  score: [33m0.7999999999999999[39m,
  eligibleCount: [33m44[39m
}
[INFO] BreakthroughSelector: Variant selected {
  variantId: [32m'connection_redraw'[39m,
  seed: [33m1542665794[39m,
  score: [33m0.7999999999999999[39m,
  eligibleCount: [33m44[39m
}
[INFO] BreakthroughSelector: Variant selected {
  variantId: [32m'kaleidoscope'[39m,
  seed: [33m1902753260[39m,
  score: [33m0.7999999999999999[39m,
  eligibleCount: [33m44[39m
}

[90mstdout[2m | src/lib/breakthrough/__tests__/selector.test.ts[2m > [22m[2mBreakthrough Selector[2m > [22m[2mRecency Avoidance[2m > [22m[2mshould not repeat the same variant consecutively
[22m[39m[INFO] BreakthroughHistory: Breakthrough history cleared 

[90mstdout[2m | src/lib/breakthrough/__tests__/director.test.ts[2m > [22m[2mBreakthrough Director[2m > [22m[2mSingleton Pattern[2m > [22m[2mshould return the same instance
[22m[39m[INFO] BreakthroughHistory: Breakthrough history cleared 

[90mstdout[2m | src/lib/__tests__/fsm-transitions.test.ts[2m > [22m[2mSpiralMachine FSM[2m > [22m[2mValid Transitions from LISTENING[2m > [22m[2mLISTENING ΓåÆ 'PROCESSING' via 'START_PROCESSING'
[22m[39m[INFO] SpiralMachine: State transition { from: [32m'IDLE'[39m, to: [32m'LISTENING'[39m, event: [32m'START_LISTENING'[39m }
[INFO] SpiralMachine: State transition { from: [32m'LISTENING'[39m, to: [32m'PROCESSING'[39m, event: [32m'START_PROCESSING'[39m }

[90mstdout[2m | src/lib/breakthrough/__tests__/selector.test.ts[2m > [22m[2mBreakthrough Selector[2m > [22m[2mRecency Avoidance[2m > [22m[2mshould not repeat the same variant consecutively
[22m[39m[INFO] BreakthroughSelector: Variant selected {
  variantId: [32m'gentle_unfold'[39m,
  seed: [33m1266884297[39m,
  score: [33m0.7999999999999999[39m,
  eligibleCount: [33m44[39m
}
[INFO] BreakthroughHistory: Breakthrough recorded {
  variantId: [32m'gentle_unfold'[39m,
  seed: [33m1266884297[39m,
  completed: [33mtrue[39m,
  wasFallback: [33mfalse[39m
}
[INFO] BreakthroughSelector: Variant selected {
  variantId: [32m'dawn_break'[39m,
  seed: [33m1644246457[39m,
  score: [33m0.7999999999999999[39m,
  eligibleCount: [33m44[39m
}
[INFO] BreakthroughHistory: Breakthrough recorded {
  variantId: [32m'dawn_break'[39m,
  seed: [33m1644246457[39m,
  completed: [33mtrue[39m,
  wasFallback: [33mfalse[39m
}
[INFO] BreakthroughSelector: Variant selected {
  variantId: [32m'veil_lift'[39m,
  seed: [33m73878118[39m,
  score: [33m0.7999999999999999[39m,
  eligibleCount: [33m44[39m
}
[INFO] BreakthroughHistory: Breakthrough recorded {
  variantId: [32m'veil_lift'[39m,
  seed: [33m73878118[39m,
  completed: [33mtrue[39m,
  wasFallback: [33mfalse[39m
}
[INFO] BreakthroughSelector: Variant selected {
  variantId: [32m'veil_lift'[39m,
  seed: [33m1476453603[39m,
  score: [33m0.7999999999999999[39m,
  eligibleCount: [33m44[39m
}
[INFO] BreakthroughHistory: Breakthrough recorded {
  variantId: [32m'veil_lift'[39m,
  seed: [33m1476453603[39m,
  completed: [33mtrue[39m,
  wasFallback: [33mfalse[39m
}
[INFO] BreakthroughSelector: Variant selected {
  variantId: [32m'dawn_break'[39m,
  seed: [33m389925920[39m,
  score: [33m0.7999999999999999[39m,
  eligibleCount: [33m44[39m
}
[INFO] BreakthroughHistory: Breakthrough recorded {
  variantId: [32m'dawn_break'[39m,
  seed: [33m389925920[39m,
  completed: [33mtrue[39m,
  wasFallback: [33mfalse[39m
}
[INFO] BreakthroughSelector: Variant selected {
  variantId: [32m'veil_lift'[39m,
  seed: [33m713883135[39m,
  score: [33m0.7999999999999999[39m,
  eligibleCount: [33m44[39m
}
[INFO] BreakthroughHistory: Breakthrough recorded {
  variantId: [32m'veil_lift'[39m,
  seed: [33m713883135[39m,
  completed: [33mtrue[39m,
  wasFallback: [33mfalse[39m
}
[INFO] BreakthroughSelector: Variant selected {
  variantId: [32m'dawn_break'[39m,
  seed: [33m692462754[39m,
  score: [33m0.7999999999999999[39m,
  eligibleCount: [33m44[39m
}
[INFO] BreakthroughHistory: Breakthrough recorded {
  variantId: [32m'dawn_break'[39m,
  seed: [33m692462754[39m,
  completed: [33mtrue[39m,
  wasFallback: [33mfalse[39m
}
[INFO] BreakthroughSelector: Variant selected {
  variantId: [32m'gentle_unfold'[39m,
  seed: [33m1779888531[39m,
  score: [33m0.7999999999999999[39m,
  eligibleCount: [33m44[39m
}
[INFO] BreakthroughHistory: Breakthrough recorded {
  variantId: [32m'gentle_unfold'[39m,
  seed: [33m1779888531[39m,
  completed: [33mtrue[39m,
  wasFallback: [33mfalse[39m
}
[INFO] BreakthroughSelector: Variant selected {
  variantId: [32m'gentle_unfold'[39m,
  seed: [33m1367841318[39m,
  score: [33m0.7999999999999999[39m,
  eligibleCount: [33m44[39m
}
[INFO] BreakthroughHistory: Breakthrough recorded {
  variantId: [32m'gentle_unfold'[39m,
  seed: [33m1367841318[39m,
  completed: [33mtrue[39m,
  wasFallback: [33mfalse[39m
}
[INFO] BreakthroughSelector: Variant selected {
  variantId: [32m'tension_dissolve'[39m,
  seed: [33m942261783[39m,
  score: [33m0.7999999999999999[39m,
  eligibleCount: [33m44[39m
}
[INFO] BreakthroughHistory: Breakthrough recorded {
  variantId: [32m'tension_dissolve'[39m,
  seed: [33m942261783[39m,
  completed: [33mtrue[39m,
  wasFallback: [33mfalse[39m
}

[90mstdout[2m | src/lib/__tests__/fsm-transitions.test.ts[2m > [22m[2mSpiralMachine FSM[2m > [22m[2mValid Transitions from LISTENING[2m > [22m[2mLISTENING ΓåÆ 'IDLE' via 'RESET'
[22m[39m[INFO] SpiralMachine: State transition { from: [32m'IDLE'[39m, to: [32m'LISTENING'[39m, event: [32m'START_LISTENING'[39m }
[INFO] SpiralMachine: State transition { from: [32m'LISTENING'[39m, to: [32m'IDLE'[39m, event: [32m'RESET'[39m }

[90mstdout[2m | src/lib/breakthrough/__tests__/director.test.ts[2m > [22m[2mBreakthrough Director[2m > [22m[2mSingleton Pattern[2m > [22m[2mshould reset the instance
[22m[39m[INFO] BreakthroughHistory: Breakthrough history cleared 

[90mstdout[2m | src/lib/breakthrough/__tests__/selector.test.ts[2m > [22m[2mBreakthrough Selector[2m > [22m[2mFatigue Protection[2m > [22m[2mshould prefer low intensity after multiple high intensity effects
[22m[39m[INFO] BreakthroughHistory: Breakthrough history cleared 

[90mstdout[2m | src/lib/__tests__/fsm-transitions.test.ts[2m > [22m[2mSpiralMachine FSM[2m > [22m[2mValid Transitions from LISTENING[2m > [22m[2mLISTENING ΓåÆ ERROR with error message
[22m[39m[INFO] SpiralMachine: State transition { from: [32m'IDLE'[39m, to: [32m'LISTENING'[39m, event: [32m'START_LISTENING'[39m }
[INFO] SpiralMachine: State transition { from: [32m'LISTENING'[39m, to: [32m'ERROR'[39m, event: [32m'ERROR'[39m }

[90mstdout[2m | src/lib/breakthrough/__tests__/director.test.ts[2m > [22m[2mBreakthrough Director[2m > [22m[2mInitial State[2m > [22m[2mshould start in idle phase
[22m[39m[INFO] BreakthroughHistory: Breakthrough history cleared 

[90mstdout[2m | src/lib/__tests__/fsm-transitions.test.ts[2m > [22m[2mSpiralMachine FSM[2m > [22m[2mValid Transitions from PROCESSING[2m > [22m[2mPROCESSING ΓåÆ 'DELIBERATING' via 'START_DELIBERATING'
[22m[39m[INFO] SpiralMachine: State transition { from: [32m'IDLE'[39m, to: [32m'PROCESSING'[39m, event: [32m'START_PROCESSING'[39m }
[INFO] SpiralMachine: State transition { from: [32m'PROCESSING'[39m, to: [32m'DELIBERATING'[39m, event: [32m'START_DELIBERATING'[39m }

[90mstdout[2m | src/lib/breakthrough/__tests__/director.test.ts[2m > [22m[2mBreakthrough Director[2m > [22m[2mPrewarm[2m > [22m[2mshould prewarm and return a variant
[22m[39m[INFO] BreakthroughHistory: Breakthrough history cleared 

[90mstdout[2m | src/lib/__tests__/fsm-transitions.test.ts[2m > [22m[2mSpiralMachine FSM[2m > [22m[2mValid Transitions from PROCESSING[2m > [22m[2mPROCESSING ΓåÆ 'RESPONDING' via 'START_RESPONDING'
[22m[39m[INFO] SpiralMachine: State transition { from: [32m'IDLE'[39m, to: [32m'PROCESSING'[39m, event: [32m'START_PROCESSING'[39m }
[INFO] SpiralMachine: State transition { from: [32m'PROCESSING'[39m, to: [32m'RESPONDING'[39m, event: [32m'START_RESPONDING'[39m }

[90mstdout[2m | src/lib/breakthrough/__tests__/director.test.ts[2m > [22m[2mBreakthrough Director[2m > [22m[2mPrewarm[2m > [22m[2mshould prewarm and return a variant
[22m[39m[INFO] BreakthroughSelector: Variant selected {
  variantId: [32m'dawn_break'[39m,
  seed: [33m1830553140[39m,
  score: [33m0.7999999999999999[39m,
  eligibleCount: [33m44[39m
}
[INFO] BreakthroughDirector: Prewarm complete { variantId: [32m'dawn_break'[39m }

[90mstdout[2m | src/lib/__tests__/fsm-transitions.test.ts[2m > [22m[2mSpiralMachine FSM[2m > [22m[2mValid Transitions from PROCESSING[2m > [22m[2mPROCESSING ΓåÆ 'CINEMATIC' via 'TRIGGER_CINEMATIC'
[22m[39m[INFO] SpiralMachine: State transition { from: [32m'IDLE'[39m, to: [32m'PROCESSING'[39m, event: [32m'START_PROCESSING'[39m }
[INFO] SpiralMachine: State transition { from: [32m'PROCESSING'[39m, to: [32m'CINEMATIC'[39m, event: [32m'TRIGGER_CINEMATIC'[39m }

[90mstdout[2m | src/lib/__tests__/fsm-transitions.test.ts[2m > [22m[2mSpiralMachine FSM[2m > [22m[2mValid Transitions from PROCESSING[2m > [22m[2mPROCESSING ΓåÆ ERROR on error event
[22m[39m[INFO] SpiralMachine: State transition { from: [32m'IDLE'[39m, to: [32m'PROCESSING'[39m, event: [32m'START_PROCESSING'[39m }
[INFO] SpiralMachine: State transition { from: [32m'PROCESSING'[39m, to: [32m'ERROR'[39m, event: [32m'ERROR'[39m }

[90mstdout[2m | src/lib/__tests__/fsm-transitions.test.ts[2m > [22m[2mSpiralMachine FSM[2m > [22m[2mValid Transitions from DELIBERATING[2m > [22m[2mDELIBERATING ΓåÆ 'RESPONDING' via 'START_RESPONDING'
[22m[39m[INFO] SpiralMachine: State transition { from: [32m'IDLE'[39m, to: [32m'PROCESSING'[39m, event: [32m'START_PROCESSING'[39m }
[INFO] SpiralMachine: State transition { from: [32m'PROCESSING'[39m, to: [32m'DELIBERATING'[39m, event: [32m'START_DELIBERATING'[39m }
[INFO] SpiralMachine: State transition { from: [32m'DELIBERATING'[39m, to: [32m'RESPONDING'[39m, event: [32m'START_RESPONDING'[39m }

[90mstdout[2m | src/lib/__tests__/fsm-transitions.test.ts[2m > [22m[2mSpiralMachine FSM[2m > [22m[2mValid Transitions from DELIBERATING[2m > [22m[2mDELIBERATING ΓåÆ 'CINEMATIC' via 'TRIGGER_CINEMATIC'
[22m[39m[INFO] SpiralMachine: State transition { from: [32m'IDLE'[39m, to: [32m'PROCESSING'[39m, event: [32m'START_PROCESSING'[39m }
[INFO] SpiralMachine: State transition { from: [32m'PROCESSING'[39m, to: [32m'DELIBERATING'[39m, event: [32m'START_DELIBERATING'[39m }
[INFO] SpiralMachine: State transition { from: [32m'DELIBERATING'[39m, to: [32m'CINEMATIC'[39m, event: [32m'TRIGGER_CINEMATIC'[39m }

[90mstdout[2m | src/lib/__tests__/fsm-transitions.test.ts[2m > [22m[2mSpiralMachine FSM[2m > [22m[2mValid Transitions from DELIBERATING[2m > [22m[2mDELIBERATING ΓåÆ ERROR on timeout
[22m[39m[INFO] SpiralMachine: State transition { from: [32m'IDLE'[39m, to: [32m'PROCESSING'[39m, event: [32m'START_PROCESSING'[39m }
[INFO] SpiralMachine: State transition { from: [32m'PROCESSING'[39m, to: [32m'DELIBERATING'[39m, event: [32m'START_DELIBERATING'[39m }
[INFO] SpiralMachine: State transition { from: [32m'DELIBERATING'[39m, to: [32m'ERROR'[39m, event: [32m'ERROR'[39m }

[90mstdout[2m | src/lib/__tests__/fsm-transitions.test.ts[2m > [22m[2mSpiralMachine FSM[2m > [22m[2mValid Transitions from RESPONDING[2m > [22m[2mRESPONDING ΓåÆ 'IDLE' via 'RESPONSE_COMPLETE'
[22m[39m[INFO] SpiralMachine: State transition { from: [32m'IDLE'[39m, to: [32m'PROCESSING'[39m, event: [32m'START_PROCESSING'[39m }
[INFO] SpiralMachine: State transition { from: [32m'PROCESSING'[39m, to: [32m'RESPONDING'[39m, event: [32m'START_RESPONDING'[39m }
[INFO] SpiralMachine: State transition { from: [32m'RESPONDING'[39m, to: [32m'IDLE'[39m, event: [32m'RESPONSE_COMPLETE'[39m }

[90mstdout[2m | src/lib/__tests__/fsm-transitions.test.ts[2m > [22m[2mSpiralMachine FSM[2m > [22m[2mValid Transitions from RESPONDING[2m > [22m[2mRESPONDING ΓåÆ 'CINEMATIC' via 'TRIGGER_CINEMATIC'
[22m[39m[INFO] SpiralMachine: State transition { from: [32m'IDLE'[39m, to: [32m'PROCESSING'[39m, event: [32m'START_PROCESSING'[39m }
[INFO] SpiralMachine: State transition { from: [32m'PROCESSING'[39m, to: [32m'RESPONDING'[39m, event: [32m'START_RESPONDING'[39m }
[INFO] SpiralMachine: State transition { from: [32m'RESPONDING'[39m, to: [32m'CINEMATIC'[39m, event: [32m'TRIGGER_CINEMATIC'[39m }

[90mstdout[2m | src/lib/__tests__/fsm-transitions.test.ts[2m > [22m[2mSpiralMachine FSM[2m > [22m[2mValid Transitions from RESPONDING[2m > [22m[2mRESPONDING ΓåÆ 'LISTENING' via 'START_LISTENING'
[22m[39m[INFO] SpiralMachine: State transition { from: [32m'IDLE'[39m, to: [32m'PROCESSING'[39m, event: [32m'START_PROCESSING'[39m }
[INFO] SpiralMachine: State transition { from: [32m'PROCESSING'[39m, to: [32m'RESPONDING'[39m, event: [32m'START_RESPONDING'[39m }
[INFO] SpiralMachine: State transition { from: [32m'RESPONDING'[39m, to: [32m'LISTENING'[39m, event: [32m'START_LISTENING'[39m }

[90mstdout[2m | src/lib/__tests__/fsm-transitions.test.ts[2m > [22m[2mSpiralMachine FSM[2m > [22m[2mValid Transitions from RESPONDING[2m > [22m[2mRESPONDING ΓåÆ ERROR on stream error
[22m[39m[INFO] SpiralMachine: State transition { from: [32m'IDLE'[39m, to: [32m'PROCESSING'[39m, event: [32m'START_PROCESSING'[39m }
[INFO] SpiralMachine: State transition { from: [32m'PROCESSING'[39m, to: [32m'RESPONDING'[39m, event: [32m'START_RESPONDING'[39m }
[INFO] SpiralMachine: State transition { from: [32m'RESPONDING'[39m, to: [32m'ERROR'[39m, event: [32m'ERROR'[39m }

[90mstdout[2m | src/lib/__tests__/fsm-transitions.test.ts[2m > [22m[2mSpiralMachine FSM[2m > [22m[2mValid Transitions from CINEMATIC[2m > [22m[2mCINEMATIC ΓåÆ 'IDLE' via 'CINEMATIC_COMPLETE'
[22m[39m[INFO] SpiralMachine: State transition { from: [32m'IDLE'[39m, to: [32m'CINEMATIC'[39m, event: [32m'TRIGGER_CINEMATIC'[39m }
[INFO] SpiralMachine: State transition { from: [32m'CINEMATIC'[39m, to: [32m'IDLE'[39m, event: [32m'CINEMATIC_COMPLETE'[39m }

[90mstdout[2m | src/lib/breakthrough/__tests__/director.test.ts[2m > [22m[2mBreakthrough Director[2m > [22m[2mPrewarm[2m > [22m[2mshould transition to ready phase after prewarm
[22m[39m[INFO] BreakthroughHistory: Breakthrough history cleared 

[90mstdout[2m | src/lib/__tests__/fsm-transitions.test.ts[2m > [22m[2mSpiralMachine FSM[2m > [22m[2mValid Transitions from CINEMATIC[2m > [22m[2mCINEMATIC ΓåÆ 'IDLE' via 'RESET'
[22m[39m[INFO] SpiralMachine: State transition { from: [32m'IDLE'[39m, to: [32m'CINEMATIC'[39m, event: [32m'TRIGGER_CINEMATIC'[39m }
[INFO] SpiralMachine: State transition { from: [32m'CINEMATIC'[39m, to: [32m'IDLE'[39m, event: [32m'RESET'[39m }

[90mstdout[2m | src/lib/breakthrough/__tests__/director.test.ts[2m > [22m[2mBreakthrough Director[2m > [22m[2mPrewarm[2m > [22m[2mshould transition to ready phase after prewarm
[22m[39m[INFO] BreakthroughSelector: Variant selected {
  variantId: [32m'veil_lift'[39m,
  seed: [33m358725356[39m,
  score: [33m0.7999999999999999[39m,
  eligibleCount: [33m44[39m
}
[INFO] BreakthroughDirector: Prewarm complete { variantId: [32m'veil_lift'[39m }

[90mstdout[2m | src/lib/breakthrough/__tests__/selector.test.ts[2m > [22m[2mBreakthrough Selector[2m > [22m[2mFatigue Protection[2m > [22m[2mshould prefer low intensity after multiple high intensity effects
[22m[39m[INFO] BreakthroughHistory: Breakthrough recorded {
  variantId: [32m'truth_bloom'[39m,
  seed: [33m12345[39m,
  completed: [33mtrue[39m,
  wasFallback: [33mfalse[39m
}
[INFO] BreakthroughHistory: Breakthrough recorded {
  variantId: [32m'truth_bloom'[39m,
  seed: [33m12346[39m,
  completed: [33mtrue[39m,
  wasFallback: [33mfalse[39m
}
[INFO] BreakthroughHistory: Breakthrough recorded {
  variantId: [32m'truth_bloom'[39m,
  seed: [33m12347[39m,
  completed: [33mtrue[39m,
  wasFallback: [33mfalse[39m
}
[INFO] BreakthroughSelector: Variant selected {
  variantId: [32m'mist_clear'[39m,
  seed: [33m619925428[39m,
  score: [33m0.86[39m,
  eligibleCount: [33m44[39m
}
[INFO] BreakthroughSelector: Variant selected {
  variantId: [32m'gentle_unfold'[39m,
  seed: [33m480394311[39m,
  score: [33m0.86[39m,
  eligibleCount: [33m44[39m
}
[INFO] BreakthroughSelector: Variant selected {
  variantId: [32m'breath_out'[39m,
  seed: [33m2037047460[39m,
  score: [33m0.86[39m,
  eligibleCount: [33m44[39m
}
[INFO] BreakthroughSelector: Variant selected {
  variantId: [32m'gentle_unfold'[39m,
  seed: [33m1206294095[39m,
  score: [33m0.86[39m,
  eligibleCount: [33m44[39m
}
[INFO] BreakthroughSelector: Variant selected {
  variantId: [32m'breath_out'[39m,
  seed: [33m1757279365[39m,
  score: [33m0.86[39m,
  eligibleCount: [33m44[39m
}
[INFO] BreakthroughSelector: Variant selected {
  variantId: [32m'breath_out'[39m,
  seed: [33m1408110786[39m,
  score: [33m0.86[39m,
  eligibleCount: [33m44[39m
}
[INFO] BreakthroughSelector: Variant selected {
  variantId: [32m'breath_out'[39m,
  seed: [33m329584461[39m,
  score: [33m0.86[39m,
  eligibleCount: [33m44[39m
}
[INFO] BreakthroughSelector: Variant selected {
  variantId: [32m'breath_out'[39m,
  seed: [33m1368087888[39m,
  score: [33m0.86[39m,
  eligibleCount: [33m44[39m
}
[INFO] BreakthroughSelector: Variant selected {
  variantId: [32m'mist_clear'[39m,
  seed: [33m549213626[39m,
  score: [33m0.86[39m,
  eligibleCount: [33m44[39m
}
[INFO] BreakthroughSelector: Variant selected {
  variantId: [32m'mist_clear'[39m,
  seed: [33m1612408551[39m,
  score: [33m0.86[39m,
  eligibleCount: [33m44[39m
}

[90mstdout[2m | src/lib/__tests__/fsm-transitions.test.ts[2m > [22m[2mSpiralMachine FSM[2m > [22m[2mValid Transitions from CINEMATIC[2m > [22m[2mCINEMATIC ΓåÆ ERROR on WebGL loss
[22m[39m[INFO] SpiralMachine: State transition { from: [32m'IDLE'[39m, to: [32m'CINEMATIC'[39m, event: [32m'TRIGGER_CINEMATIC'[39m }
[INFO] SpiralMachine: State transition { from: [32m'CINEMATIC'[39m, to: [32m'ERROR'[39m, event: [32m'ERROR'[39m }

[90mstdout[2m | src/lib/breakthrough/__tests__/director.test.ts[2m > [22m[2mBreakthrough Director[2m > [22m[2mPlay[2m > [22m[2mshould transition to playing phase
[22m[39m[INFO] BreakthroughHistory: Breakthrough history cleared 

[90mstdout[2m | src/lib/breakthrough/__tests__/selector.test.ts[2m > [22m[2mBreakthrough Selector[2m > [22m[2mContext Affinity[2m > [22m[2mshould match release class when friction entities present
[22m[39m[INFO] BreakthroughHistory: Breakthrough history cleared 

[90mstdout[2m | src/lib/__tests__/fsm-transitions.test.ts[2m > [22m[2mSpiralMachine FSM[2m > [22m[2mValid Transitions from ERROR[2m > [22m[2mERROR ΓåÆ 'IDLE' via 'DISMISS_ERROR'
[22m[39m[INFO] SpiralMachine: State transition { from: [32m'IDLE'[39m, to: [32m'LISTENING'[39m, event: [32m'START_LISTENING'[39m }
[INFO] SpiralMachine: State transition { from: [32m'LISTENING'[39m, to: [32m'ERROR'[39m, event: [32m'ERROR'[39m }
[INFO] SpiralMachine: State transition { from: [32m'ERROR'[39m, to: [32m'IDLE'[39m, event: [32m'DISMISS_ERROR'[39m }

[90mstdout[2m | src/lib/breakthrough/__tests__/director.test.ts[2m > [22m[2mBreakthrough Director[2m > [22m[2mPlay[2m > [22m[2mshould transition to playing phase
[22m[39m[INFO] BreakthroughSelector: Variant selected {
  variantId: [32m'gentle_unfold'[39m,
  seed: [33m615942371[39m,
  score: [33m0.7999999999999999[39m,
  eligibleCount: [33m44[39m
}
[INFO] BreakthroughDirector: Prewarm complete { variantId: [32m'gentle_unfold'[39m }

[90mstdout[2m | src/lib/breakthrough/__tests__/selector.test.ts[2m > [22m[2mBreakthrough Selector[2m > [22m[2mContext Affinity[2m > [22m[2mshould match release class when friction entities present
[22m[39m[INFO] BreakthroughSelector: Variant selected {
  variantId: [32m'tension_dissolve'[39m,
  seed: [33m1015524375[39m,
  score: [33m0.825[39m,
  eligibleCount: [33m44[39m
}
[INFO] BreakthroughSelector: Variant selected {
  variantId: [32m'tension_dissolve'[39m,
  seed: [33m1103321283[39m,
  score: [33m0.825[39m,
  eligibleCount: [33m44[39m
}
[INFO] BreakthroughSelector: Variant selected {
  variantId: [32m'tension_dissolve'[39m,
  seed: [33m1843442246[39m,
  score: [33m0.825[39m,
  eligibleCount: [33m44[39m
}
[INFO] BreakthroughSelector: Variant selected {
  variantId: [32m'particle_unbind'[39m,
  seed: [33m944969999[39m,
  score: [33m0.825[39m,
  eligibleCount: [33m44[39m
}
[INFO] BreakthroughSelector: Variant selected {
  variantId: [32m'tension_dissolve'[39m,
  seed: [33m1403603355[39m,
  score: [33m0.825[39m,
  eligibleCount: [33m44[39m
}
[INFO] BreakthroughSelector: Variant selected {
  variantId: [32m'particle_unbind'[39m,
  seed: [33m1116936338[39m,
  score: [33m0.825[39m,
  eligibleCount: [33m44[39m
}
[INFO] BreakthroughSelector: Variant selected {
  variantId: [32m'tension_dissolve'[39m,
  seed: [33m566738166[39m,
  score: [33m0.825[39m,
  eligibleCount: [33m44[39m
}
[INFO] BreakthroughSelector: Variant selected {
  variantId: [32m'particle_unbind'[39m,
  seed: [33m1475482895[39m,
  score: [33m0.825[39m,
  eligibleCount: [33m44[39m
}
[INFO] BreakthroughSelector: Variant selected {
  variantId: [32m'tension_dissolve'[39m,
  seed: [33m256606902[39m,
  score: [33m0.825[39m,
  eligibleCount: [33m44[39m
}
[INFO] BreakthroughSelector: Variant selected {
  variantId: [32m'weight_lift'[39m,
  seed: [33m1551115465[39m,
  score: [33m0.825[39m,
  eligibleCount: [33m44[39m
}

[90mstdout[2m | src/lib/__tests__/fsm-transitions.test.ts[2m > [22m[2mSpiralMachine FSM[2m > [22m[2mValid Transitions from ERROR[2m > [22m[2mERROR ΓåÆ 'IDLE' via 'RESET'
[22m[39m[INFO] SpiralMachine: State transition { from: [32m'IDLE'[39m, to: [32m'LISTENING'[39m, event: [32m'START_LISTENING'[39m }
[INFO] SpiralMachine: State transition { from: [32m'LISTENING'[39m, to: [32m'ERROR'[39m, event: [32m'ERROR'[39m }
[INFO] SpiralMachine: State transition { from: [32m'ERROR'[39m, to: [32m'IDLE'[39m, event: [32m'RESET'[39m }

[90mstdout[2m | src/lib/breakthrough/__tests__/director.test.ts[2m > [22m[2mBreakthrough Director[2m > [22m[2mPlay[2m > [22m[2mshould transition to playing phase
[22m[39m[INFO] BreakthroughDirector: Breakthrough event {
  eventType: [32m'started'[39m,
  variantId: [32m'gentle_unfold'[39m,
  seed: [33m615942371[39m,
  intensityBand: [32m'low'[39m,
  qualityTier: [32m'mid'[39m,
  duration: [90mundefined[39m,
  avgFps: [90mundefined[39m,
  minFps: [90mundefined[39m,
  error: [90mundefined[39m,
  timestamp: [33m1769583880295[39m
}

[90mstdout[2m | src/lib/breakthrough/__tests__/selector.test.ts[2m > [22m[2mBreakthrough Selector[2m > [22m[2mContext Affinity[2m > [22m[2mshould respect breakthrough type hint
[22m[39m[INFO] BreakthroughHistory: Breakthrough history cleared 

[90mstdout[2m | src/lib/__tests__/fsm-transitions.test.ts[2m > [22m[2mSpiralMachine FSM[2m > [22m[2mValid Transitions from ERROR[2m > [22m[2mERROR ΓåÆ 'LISTENING' via 'START_LISTENING'
[22m[39m[INFO] SpiralMachine: State transition { from: [32m'IDLE'[39m, to: [32m'LISTENING'[39m, event: [32m'START_LISTENING'[39m }
[INFO] SpiralMachine: State transition { from: [32m'LISTENING'[39m, to: [32m'ERROR'[39m, event: [32m'ERROR'[39m }
[INFO] SpiralMachine: State transition { from: [32m'ERROR'[39m, to: [32m'LISTENING'[39m, event: [32m'START_LISTENING'[39m }

[90mstdout[2m | src/lib/breakthrough/__tests__/director.test.ts[2m > [22m[2mBreakthrough Director[2m > [22m[2mPlay[2m > [22m[2mshould set current variant
[22m[39m[INFO] BreakthroughHistory: Breakthrough history cleared 

[90mstdout[2m | src/lib/breakthrough/__tests__/selector.test.ts[2m > [22m[2mBreakthrough Selector[2m > [22m[2mContext Affinity[2m > [22m[2mshould respect breakthrough type hint
[22m[39m[INFO] BreakthroughSelector: Variant selected {
  variantId: [32m'soft_glow'[39m,
  seed: [33m493850668[39m,
  score: [33m0.875[39m,
  eligibleCount: [33m44[39m
}
[INFO] BreakthroughSelector: Variant selected {
  variantId: [32m'clarity_pulse'[39m,
  seed: [33m84075836[39m,
  score: [33m0.875[39m,
  eligibleCount: [33m44[39m
}
[INFO] BreakthroughSelector: Variant selected {
  variantId: [32m'clarity_pulse'[39m,
  seed: [33m1474438582[39m,
  score: [33m0.875[39m,
  eligibleCount: [33m44[39m
}
[INFO] BreakthroughSelector: Variant selected {
  variantId: [32m'gentle_unfold'[39m,
  seed: [33m945156921[39m,
  score: [33m0.7999999999999999[39m,
  eligibleCount: [33m44[39m
}
[INFO] BreakthroughSelector: Variant selected {
  variantId: [32m'gentle_unfold'[39m,
  seed: [33m758591472[39m,
  score: [33m0.7999999999999999[39m,
  eligibleCount: [33m44[39m
}
[INFO] BreakthroughSelector: Variant selected {
  variantId: [32m'gentle_unfold'[39m,
  seed: [33m846294156[39m,
  score: [33m0.7999999999999999[39m,
  eligibleCount: [33m44[39m
}
[INFO] BreakthroughSelector: Variant selected {
  variantId: [32m'clarity_pulse'[39m,
  seed: [33m516278887[39m,
  score: [33m0.875[39m,
  eligibleCount: [33m44[39m
}
[INFO] BreakthroughSelector: Variant selected {
  variantId: [32m'clarity_pulse'[39m,
  seed: [33m337570057[39m,
  score: [33m0.875[39m,
  eligibleCount: [33m44[39m
}
[INFO] BreakthroughSelector: Variant selected {
  variantId: [32m'clarity_pulse'[39m,
  seed: [33m112864111[39m,
  score: [33m0.875[39m,
  eligibleCount: [33m44[39m
}
[INFO] BreakthroughSelector: Variant selected {
  variantId: [32m'soft_glow'[39m,
  seed: [33m820431598[39m,
  score: [33m0.875[39m,
  eligibleCount: [33m44[39m
}
[INFO] BreakthroughSelector: Variant selected {
  variantId: [32m'soft_glow'[39m,
  seed: [33m1389001396[39m,
  score: [33m0.875[39m,
  eligibleCount: [33m44[39m
}
[INFO] BreakthroughSelector: Variant selected {
  variantId: [32m'soft_glow'[39m,
  seed: [33m1663241486[39m,
  score: [33m0.875[39m,
  eligibleCount: [33m44[39m
}
[INFO] BreakthroughSelector: Variant selected {
  variantId: [32m'clarity_pulse'[39m,
  seed: [33m769584862[39m,
  score: [33m0.875[39m,
node.exe : 
[90mstderr[2m | src
/lib/__tests__/fsm-tr
ansitions.test.ts[2m
 > [22m[2mSpiralMac
hine FSM[2m > 
[22m[2mInvalid 
Transitions (MUST be 
blocked)[2m > 
[22m[2mblocks 
'IDLE ΓåÆ RESPONDING'
At line:1 char:1
+ & "C:\Program Files
\nodejs/node.exe" 
"C:\Program 
Files\nodejs/node_mo 
...
+ ~~~~~~~~~~~~~~~~~~~
~~~~~~~~~~~~~~~~~~~~~
~~~~~~~~~~~~~~~~~~~~~
~~~~~~~~
    + CategoryInfo   
           : NotSpe  
  cified: ([90mst   
 derr[2m...ΓåÆ R    
ESPONDING':Strin    
g) [], RemoteExc    
eption
    + FullyQualified 
   ErrorId : Native  
  CommandError
 
[22m[39m[WARN] 
SpiralMachine: 
Invalid state 
transition blocked {
  currentState: 
[32m'IDLE'[39m,
  event: [32m'START_
RESPONDING'[39m,
  
allowedTransitions: [
    [32m'START_LISTE
NING'[39m,
    [32m'TEXT_INPUT'
[39m,
    [32m'START_PROCE
SSING'[39m,
    [32m'TRIGGER_CIN
EMATIC'[39m,
    [32m'RESET'[39m
  ]
}

[90mstderr[2m | src
/lib/__tests__/fsm-tr
ansitions.test.ts[2m
 > [22m[2mSpiralMac
hine FSM[2m > 
[22m[2mInvalid 
Transitions (MUST be 
blocked)[2m > 
[22m[2mblocks 
'IDLE ΓåÆ 
DELIBERATING'
[22m[39m[WARN] 
SpiralMachine: 
Invalid state 
transition blocked {
  currentState: 
[32m'IDLE'[39m,
  event: [32m'START_
DELIBERATING'[39m,
  
allowedTransitions: [
    [32m'START_LISTE
NING'[39m,
    [32m'TEXT_INPUT'
[39m,
    [32m'START_PROCE
SSING'[39m,
    [32m'TRIGGER_CIN
EMATIC'[39m,
    [32m'RESET'[39m
  ]
}

[90mstderr[2m | src
/lib/__tests__/fsm-tr
ansitions.test.ts[2m
 > [22m[2mSpiralMac
hine FSM[2m > 
[22m[2mInvalid 
Transitions (MUST be 
blocked)[2m > 
[22m[2mblocks 
'IDLE ΓåÆ 
CINEMATIC_COMPLETE'
[22m[39m[WARN] 
SpiralMachine: 
Invalid state 
transition blocked {
  currentState: 
[32m'IDLE'[39m,
  event: [32m'CINEMA
TIC_COMPLETE'[39m,
  
allowedTransitions: [
    [32m'START_LISTE
NING'[39m,
    [32m'TEXT_INPUT'
[39m,
    [32m'START_PROCE
SSING'[39m,
    [32m'TRIGGER_CIN
EMATIC'[39m,
    [32m'RESET'[39m
  ]
}

  eligibleCount: [33m44[39m
}
[INFO] BreakthroughSelector: Variant selected {
  variantId: [32m'clarity_pulse'[39m,
  seed: [33m567010202[39m,
  score: [33m0.875[39m,
  eligibleCount: [33m44[39m
}
[INFO] BreakthroughSelector: Variant selected {
  variantId: [32m'gentle_unfold'[39m,
  seed: [33m1845704010[39m,
  score: [33m0.7999999999999999[39m,
  eligibleCount: [33m44[39m
}
[INFO] BreakthroughSelector: Variant selected {
  variantId: [32m'clarity_pulse'[39m,
  seed: [33m1719142150[39m,
  score: [33m0.875[39m,
  eligibleCount: [33m44[39m
}
[INFO] BreakthroughSelector: Variant selected {
  variantId: [32m'clarity_pulse'[39m,
  seed: [33m1795238222[39m,
  score: [33m0.875[39m,
  eligibleCount: [33m44[39m
}
[INFO] BreakthroughSelector: Variant selected {
  variantId: [32m'soft_glow'[39m,
  seed: [33m1661474234[39m,
  score: [33m0.875[39m,
  eligibleCount: [33m44[39m
}
[INFO] BreakthroughSelector: Variant selected {
  variantId: [32m'soft_glow'[39m,
  seed: [33m1817688935[39m,
  score: [33m0.875[39m,
  eligibleCount: [33m44[39m
}
[INFO] BreakthroughSelector: Variant selected {
  variantId: [32m'clarity_pulse'[39m,
  seed: [33m1047555232[39m,
  score: [33m0.875[39m,
  eligibleCount: [33m44[39m
}

[90mstdout[2m | src/lib/breakthrough/__tests__/director.test.ts[2m > [22m[2mBreakthrough Director[2m > [22m[2mPlay[2m > [22m[2mshould set current variant
[22m[39m[INFO] BreakthroughSelector: Variant selected {
  variantId: [32m'gentle_unfold'[39m,
  seed: [33m40526644[39m,
  score: [33m0.7999999999999999[39m,
  eligibleCount: [33m44[39m
}
[INFO] BreakthroughDirector: Prewarm complete { variantId: [32m'gentle_unfold'[39m }

[90mstdout[2m | src/lib/breakthrough/__tests__/selector.test.ts[2m > [22m[2mBreakthrough Selector[2m > [22m[2mReduced Motion[2m > [22m[2mshould only select low intensity variants with reduced motion
[22m[39m[INFO] BreakthroughHistory: Breakthrough history cleared 

[90mstdout[2m | src/lib/breakthrough/__tests__/director.test.ts[2m > [22m[2mBreakthrough Director[2m > [22m[2mPlay[2m > [22m[2mshould set current variant
[22m[39m[INFO] BreakthroughDirector: Breakthrough event {
  eventType: [32m'started'[39m,
  variantId: [32m'gentle_unfold'[39m,
  seed: [33m40526644[39m,
  intensityBand: [32m'low'[39m,
  qualityTier: [32m'mid'[39m,
  duration: [90mundefined[39m,
  avgFps: [90mundefined[39m,
  minFps: [90mundefined[39m,
  error: [90mundefined[39m,
  timestamp: [33m1769583880301[39m
}

[90mstdout[2m | src/lib/breakthrough/__tests__/selector.test.ts[2m > [22m[2mBreakthrough Selector[2m > [22m[2mReduced Motion[2m > [22m[2mshould only select low intensity variants with reduced motion
[22m[39m[INFO] BreakthroughSelector: Variant selected {
  variantId: [32m'breath_out'[39m,
  seed: [33m786818229[39m,
  score: [33m0.7999999999999999[39m,
  eligibleCount: [33m9[39m
}
[INFO] BreakthroughSelector: Variant selected {
  variantId: [32m'breath_out'[39m,
  seed: [33m90209462[39m,
  score: [33m0.7999999999999999[39m,
  eligibleCount: [33m9[39m
}
[INFO] BreakthroughSelector: Variant selected {
  variantId: [32m'mist_clear'[39m,
  seed: [33m903515389[39m,
  score: [33m0.7999999999999999[39m,
  eligibleCount: [33m9[39m
}
[INFO] BreakthroughSelector: Variant selected {
[90mstderr[2m | src
/lib/__tests__/fsm-tr
ansitions.test.ts[2m
 > [22m[2mSpiralMac
hine FSM[2m > 
[22m[2mInvalid 
Transitions (MUST be 
blocked)[2m > 
[22m[2mblocks 
'LISTENING ΓåÆ 
CINEMATIC'
[22m[39m[WARN] 
SpiralMachine: 
Invalid state 
transition blocked {
  currentState: [32m
'LISTENING'[39m,
  event: [32m'TRIGGE
R_CINEMATIC'[39m,
  
allowedTransitions: 
[ [32m'STOP_LISTENIN
G'[39m, [32m'START_
PROCESSING'[39m, 
[32m'ERROR'[39m, 
[32m'RESET'[39m ]
}

[90mstderr[2m | src
/lib/__tests__/fsm-tr
ansitions.test.ts[2m
 > [22m[2mSpiralMac
hine FSM[2m > 
[22m[2mInvalid 
Transitions (MUST be 
blocked)[2m > 
[22m[2mblocks 
'PROCESSING ΓåÆ 
LISTENING'
[22m[39m[WARN] 
SpiralMachine: 
Invalid state 
transition blocked {
  currentState: [32m
'PROCESSING'[39m,
  event: [32m'START_
LISTENING'[39m,
  
allowedTransitions: [
    [32m'START_DELIB
ERATING'[39m,
    [32m'START_RESPO
NDING'[39m,
    [32m'TRIGGER_CIN
EMATIC'[39m,
    
[32m'ERROR'[39m,
    [32m'RESET'[39m
  ]
}

  variantId: [32m'breath_out'[39m,
  seed: [33m1367640064[39m,
  score: [33m0.7999999999999999[39m,
  eligibleCount: [33m9[39m
}
[INFO] BreakthroughSelector: Variant selected {
  variantId: [32m'mist_clear'[39m,
  seed: [33m478897636[39m,
  score: [33m0.7999999999999999[39m,
  eligibleCount: [33m9[39m
}
[INFO] BreakthroughSelector: Variant selected {
  variantId: [32m'mist_clear'[39m,
  seed: [33m1547668752[39m,
  score: [33m0.7999999999999999[39m,
  eligibleCount: [33m9[39m
}
[INFO] BreakthroughSelector: Variant selected {
  variantId: [32m'breath_out'[39m,
  seed: [33m370917718[39m,
  score: [33m0.7999999999999999[39m,
  eligibleCount: [33m9[39m
}
[INFO] BreakthroughSelector: Variant selected {
  variantId: [32m'gentle_unfold'[39m,
  seed: [33m1870679543[39m,
  score: [33m0.7999999999999999[39m,
  eligibleCount: [33m9[39m
}
[INFO] BreakthroughSelector: Variant selected {
  variantId: [32m'mist_clear'[39m,
  seed: [33m111307332[39m,
  score: [33m0.7999999999999999[39m,
  eligibleCount: [33m9[39m
}
[INFO] BreakthroughSelector: Variant selected {
  variantId: [32m'breath_out'[39m,
  seed: [33m701387664[39m,
  score: [33m0.7999999999999999[39m,
  eligibleCount: [33m9[39m
}

[90mstdout[2m | src/lib/breakthrough/__tests__/director.test.ts[2m > [22m[2mBreakthrough Director[2m > [22m[2mComplete[2m > [22m[2mshould transition through settling to cleanup
[22m[39m[INFO] BreakthroughHistory: Breakthrough history cleared 

[90mstdout[2m | src/lib/breakthrough/__tests__/selector.test.ts[2m > [22m[2mBreakthrough Selector[2m > [22m[2mFallback Selection[2m > [22m[2mshould return a valid fallback variant
[22m[39m[INFO] BreakthroughHistory: Breakthrough history cleared 

[90mstdout[2m | src/lib/__tests__/fsm-transitions.test.ts[2m > [22m[2mSpiralMachine FSM[2m > [22m[2mInvalid Transitions (MUST be blocked)[2m > [22m[2mblocks 'LISTENING ΓåÆ CINEMATIC'
[22m[39m[INFO] SpiralMachine: State transition { from: [32m'IDLE'[39m, to: [32m'LISTENING'[39m, event: [32m'START_LISTENING'[39m }

[90mstdout[2m | src/lib/breakthrough/__tests__/director.test.ts[2m > [22m[2mBreakthrough Director[2m > [22m[2mComplete[2m > [22m[2mshould transition through settling to cleanup
[22m[39m[INFO] BreakthroughSelector: Variant selected {
  variantId: [32m'dawn_break'[39m,
  seed: [33m1370880797[39m,
  score: [33m0.7999999999999999[39m,
  eligibleCount: [33m44[39m
}
[INFO] BreakthroughDirector: Prewarm complete { variantId: [32m'dawn_break'[39m }

[90mstdout[2m | src/lib/breakthrough/__tests__/selector.test.ts[2m > [22m[2mBreakthrough Selector[2m > [22m[2mFallback Selection[2m > [22m[2mshould prefer clarity_pulse as fallback
[22m[39m[INFO] BreakthroughHistory: Breakthrough history cleared 

[90mstdout[2m | src/lib/breakthrough/__tests__/director.test.ts[2m > [22m[2mBreakthrough Director[2m > [22m[2mComplete[2m > [22m[2mshould transition through settling to cleanup
[22m[39m[INFO] BreakthroughDirector: Breakthrough event {
  eventType: [32m'started'[39m,
  variantId: [32m'dawn_break'[39m,
  seed: [33m1370880797[39m,
  intensityBand: [32m'medium'[39m,
  qualityTier: [32m'mid'[39m,
  duration: [90mundefined[39m,
  avgFps: [90mundefined[39m,
  minFps: [90mundefined[39m,
  error: [90mundefined[39m,
  timestamp: [33m1769583880303[39m
}

[90mstdout[2m | src/lib/breakthrough/__tests__/selector.test.ts[2m > [22m[2mSelection Context Builder[2m > [22m[2mshould build context from session entities
[22m[39m[INFO] BreakthroughHistory: Breakthrough history cleared 

[90mstdout[2m | src/lib/__tests__/fsm-transitions.test.ts[2m > [22m[2mSpiralMachine FSM[2m > [22m[2mInvalid Transitions (MUST be blocked)[2m > [22m[2mblocks 'PROCESSING ΓåÆ LISTENING'
[22m[39m[INFO] SpiralMachine: State transition { from: [32m'IDLE'[39m, to: [32m'PROCESSING'[39m, event: [32m'START_PROCESSING'[39m }

[90mstdout[2m | src/lib/breakthrough/__tests__/director.test.ts[2m > [22m[2mBreakthrough Director[2m > [22m[2mComplete[2m > [22m[2mshould transition through settling to cleanup
[22m[39m[INFO] BreakthroughHistory: Breakthrough recorded {
  variantId: [32m'dawn_break'[39m,
  seed: [33m1370880797[39m,
  completed: [33mtrue[39m,
  wasFallback: [33mfalse[39m
}
[INFO] BreakthroughDirector: Breakthrough event {
  eventType: [32m'completed'[39m,
  variantId: [32m'dawn_break'[39m,
  seed: [33m1370880797[39m,
  intensityBand: [32m'medium'[39m,
  qualityTier: [32m'mid'[39m,
  duration: [90mundefined[39m,
  avgFps: [90mundefined[39m,
  minFps: [90mundefined[39m,
  error: [90mundefined[39m,
  timestamp: [33m1769583880603[39m
}

[90mstdout[2m | src/lib/breakthrough/__tests__/selector.test.ts[2m > [22m[2mSelection Context Builder[2m > [22m[2mshould calculate sentiment from entity valences
[22m[39m[INFO] BreakthroughHistory: Breakthrough history cleared 

[90mstdout[2m | src/lib/breakthrough/__tests__/director.test.ts[2m > [22m[2mBreakthrough Director[2m > [22m[2mComplete[2m > [22m[2mshould call onComplete callback
[22m[39m[INFO] BreakthroughHistory: Breakthrough history cleared 

[90mstdout[2m | src/lib/breakthrough/__tests__/selector.test.ts[2m > [22m[2mSelection Context Builder[2m > [22m[2mshould include recent variant IDs from history
[22m[39m[INFO] BreakthroughHistory: Breakthrough history cleared 

[90mstdout[2m | src/lib/__tests__/fsm-transitions.test.ts[2m > [22m[2mSpiralMachine FSM[2m > [22m[2mInvalid Transitions (MUST be blocked)[2m > [22m[2mblocks 'CINEMATIC ΓåÆ PROCESSING'
[22m[39m[INFO] SpiralMachine: State transition { from: [32m'IDLE'[39m, to: [32m'CINEMATIC'[39m, event: [32m'TRIGGER_CINEMATIC'[39m }

[90mstdout[2m | src/lib/breakthrough/__tests__/director.test.ts[2m > [22m[2mBreakthrough Director[2m > [22m[2mComplete[2m > [22m[2mshould call onComplete callback
[22m[39m[INFO] BreakthroughSelector: Variant selected {
  variantId: [32m'gentle_unfold'[39m,
  seed: [33m1039690238[39m,
  score: [33m0.7999999999999999[39m,
  eligibleCount: [33m44[39m
}
[INFO] BreakthroughDirector: Prewarm complete { variantId: [32m'gentle_unfold'[39m }

[90mstdout[2m | src/lib/breakthrough/__tests__/selector.test.ts[2m > [22m[2mSelection Context Builder[2m > [22m[2mshould include recent variant IDs from history
[22m[39m[INFO] BreakthroughHistory: Breakthrough recorded {
  variantId: [32m'variant_1'[39m,
  seed: [33m111[39m,
  completed: [33mtrue[39m,
  wasFallback: [33mfalse[39m
}
[INFO] BreakthroughHistory: Breakthrough recorded {
  variantId: [32m'variant_2'[39m,
  seed: [33m222[39m,
  completed: [33mtrue[39m,
  wasFallback: [33mfalse[39m
}

[90mstdout[2m | src/lib/__tests__/webgl-context-recovery.test.ts[2m > [22m[2mWebGL Context Loss Recovery[2m > [22m[2mhandles WebGL context loss during playing phase by aborting
[22m[39m[INFO] BreakthroughDirector: Breakthrough event {
  eventType: [32m'started'[39m,
  variantId: [32m'test-variant'[39m,
  seed: [33m12345[39m,
  intensityBand: [32m'medium'[39m,
  qualityTier: [32m'mid'[39m,
  duration: [33m0.3606999999999516[39m,
  avgFps: [90mundefined[39m,
  minFps: [90mundefined[39m,
  error: [90mundefined[39m,
  timestamp: [33m1769583880341[39m
}
[Analytics] cinematic_started: {
  variant: [32m'test-variant'[39m,
  duration: [33m0.3606999999999516[39m,
  seed: [33m12345[39m,
  intensityBand: [32m'medium'[39m,
  wasFallback: [33mfalse[39m,
  timestamp: [33m1769583880349[39m,
  userAgent: [32m'Node.js/22'[39m
}
[INFO] BreakthroughDirector: Breakthrough event {
[90mstderr[2m | src
/lib/__tests__/fsm-tr
ansitions.test.ts[2m
 > [22m[2mSpiralMac
hine FSM[2m > 
[22m[2mInvalid 
Transitions (MUST be 
blocked)[2m > 
[22m[2mblocks 
'CINEMATIC ΓåÆ 
PROCESSING'
[22m[39m[WARN] 
SpiralMachine: 
Invalid state 
transition blocked {
  currentState: [32m
'CINEMATIC'[39m,
  event: [32m'START_
PROCESSING'[39m,
  
allowedTransitions: 
[ [32m'CINEMATIC_COM
PLETE'[39m, 
[32m'ERROR'[39m, 
[32m'RESET'[39m ]
}

[90mstderr[2m | src
/lib/__tests__/webgl-
context-recovery.test
.ts[2m > 
[22m[2mWebGL 
Context Loss 
Recovery[2m > 
[22m[2mhandles 
WebGL context loss 
during playing phase 
by aborting
[22m[39m[WARN] Brea
kthroughDirector: 
WebGL context lost 
during breakthrough 
- forcing immediate 
completion 

[90mstderr[2m | src
/lib/__tests__/fsm-tr
ansitions.test.ts[2m
 > [22m[2mSpiralMac
hine FSM[2m > 
[22m[2mInvalid 
Transitions (MUST be 
blocked)[2m > 
[22m[2mblocks 
ERROR ΓåÆ PROCESSING
[22m[39m[WARN] 
SpiralMachine: 
Invalid state 
transition blocked {
  currentState: 
[32m'ERROR'[39m,
  event: [32m'START_
PROCESSING'[39m,
  
allowedTransitions: 
[ [32m'DISMISS_ERROR
'[39m, 
[32m'RESET'[39m, [
32m'START_LISTENING'
[39m ]
}

  eventType: [32m'error'[39m,
  variantId: [32m'test-variant'[39m,
  seed: [33m12345[39m,
  intensityBand: [32m'medium'[39m,
  qualityTier: [32m'mid'[39m,
  duration: [33m10.117899999999963[39m,
  avgFps: [90mundefined[39m,
  minFps: [90mundefined[39m,
  error: [90mundefined[39m,
  timestamp: [33m1769583880351[39m
}
[Analytics] cinematic_error: {
  variant: [32m'test-variant'[39m,
  duration: [33m10.117899999999963[39m,
  seed: [33m12345[39m,
  intensityBand: [32m'medium'[39m,
  wasFallback: [33mfalse[39m,
  timestamp: [33m1769583880352[39m,
  userAgent: [32m'Node.js/22'[39m
}
[INFO] BreakthroughHistory: Breakthrough recorded {
  variantId: [32m'test-variant'[39m,
  seed: [33m12345[39m,
  completed: [33mfalse[39m,
  wasFallback: [33mfalse[39m
}

[90mstdout[2m | src/lib/breakthrough/__tests__/director.test.ts[2m > [22m[2mBreakthrough Director[2m > [22m[2mComplete[2m > [22m[2mshould call onComplete callback
[22m[39m[INFO] BreakthroughDirector: Breakthrough event {
  eventType: [32m'started'[39m,
  variantId: [32m'gentle_unfold'[39m,
  seed: [33m1039690238[39m,
  intensityBand: [32m'low'[39m,
  qualityTier: [32m'mid'[39m,
  duration: [90mundefined[39m,
  avgFps: [90mundefined[39m,
  minFps: [90mundefined[39m,
  error: [90mundefined[39m,
  timestamp: [33m1769583880312[39m
}

[90mstdout[2m | src/lib/__tests__/fsm-transitions.test.ts[2m > [22m[2mSpiralMachine FSM[2m > [22m[2mInvalid Transitions (MUST be blocked)[2m > [22m[2mblocks ERROR ΓåÆ PROCESSING
[22m[39m[INFO] SpiralMachine: State transition { from: [32m'IDLE'[39m, to: [32m'LISTENING'[39m, event: [32m'START_LISTENING'[39m }
[INFO] SpiralMachine: State transition { from: [32m'LISTENING'[39m, to: [32m'ERROR'[39m, event: [32m'ERROR'[39m }

[90mstdout[2m | src/lib/__tests__/breakthrough-lifecycle.test.ts[2m > [22m[2mBreakthrough Director Lifecycle[2m > [22m[2mPrewarm Phase[2m > [22m[2mtransitions to prewarming phase on prewarm()
[22m[39m[INFO] BreakthroughSelector: Variant selected {
  variantId: [32m'tension_dissolve'[39m,
  seed: [33m1766686898[39m,
  score: [33m0.825[39m,
  eligibleCount: [33m44[39m
}
[INFO] BreakthroughDirector: Prewarm complete { variantId: [32m'tension_dissolve'[39m }

[90mstdout[2m | src/lib/breakthrough/__tests__/director.test.ts[2m > [22m[2mBreakthrough Director[2m > [22m[2mComplete[2m > [22m[2mshould call onComplete callback
[22m[39m[INFO] BreakthroughHistory: Breakthrough recorded {
  variantId: [32m'gentle_unfold'[39m,
  seed: [33m1039690238[39m,
  completed: [33mtrue[39m,
  wasFallback: [33mfalse[39m
}
[INFO] BreakthroughDirector: Breakthrough event {
  eventType: [32m'completed'[39m,
  variantId: [32m'gentle_unfold'[39m,
  seed: [33m1039690238[39m,
  intensityBand: [32m'low'[39m,
  qualityTier: [32m'mid'[39m,
  duration: [90mundefined[39m,
  avgFps: [90mundefined[39m,
  minFps: [90mundefined[39m,
  error: [90mundefined[39m,
  timestamp: [33m1769583880612[39m
}

[90mstdout[2m | src/lib/__tests__/breakthrough-lifecycle.test.ts[2m > [22m[2mBreakthrough Director Lifecycle[2m > [22m[2mPrewarm Phase[2m > [22m[2mselects variant based on entity types
[22m[39m[INFO] BreakthroughSelector: Variant selected {
  variantId: [32m'tension_dissolve'[39m,
  seed: [33m886818460[39m,
  score: [33m0.825[39m,
  eligibleCount: [33m44[39m
}
[INFO] BreakthroughDirector: Prewarm complete { variantId: [32m'tension_dissolve'[39m }

[90mstdout[2m | src/lib/__tests__/webgl-context-recovery.test.ts[2m > [22m[2mWebGL Context Loss Recovery[2m > [22m[2mdoes not call complete callback on context loss (uses abort instead)
[22m[39m[INFO] BreakthroughDirector: Breakthrough event {
  eventType: [32m'started'[39m,
  variantId: [32m'test-variant'[39m,
  seed: [33m12345[39m,
  intensityBand: [32m'medium'[39m,
  qualityTier: [32m'mid'[39m,
  duration: [33m0.03300000000012915[39m,
  avgFps: [90mundefined[39m,
  minFps: [90mundefined[39m,
  error: [90mundefined[39m,
  timestamp: [33m1769583880358[39m
}
[Analytics] cinematic_started: {
  variant: [32m'test-variant'[39m,
  duration: [33m0.03300000000012915[39m,
  seed: [33m12345[39m,
  intensityBand: [32m'medium'[39m,
  wasFallback: [33mfalse[39m,
  timestamp: [33m1769583880358[39m,
  userAgent: [32m'Node.js/22'[39m
}
[INFO] BreakthroughDirector: Breakthrough event {
  eventType: [32m'error'[39m,
  variantId: [32m'test-variant'[39m,
  seed: [33m12345[39m,
  intensityBand: [32m'medium'[39m,
  qualityTier: [32m'mid'[39m,
  duration: [33m1.959300000000212[39m,
  avgFps: [90mundefined[39m,
  minFps: [90mundefined[39m,
  error: [90mundefined[39m,
  timestamp: [33m1769583880360[39m
}
[Analytics] cinematic_error: {
  variant: [32m'test-variant'[39m,
  duration: [33m1.959300000000212[39m,
  seed: [33m12345[39m,
  intensityBand: [32m'medium'[39m,
  wasFallback: [33mfalse[39m,
  timestamp: [33m1769583880360[39m,
  userAgent: [32m'Node.js/22'[39m
}
[INFO] BreakthroughHistory: Breakthrough recorded {
  variantId: [32m'test-variant'[39m,
[90mstderr[2m | src
/lib/__tests__/webgl-
context-recovery.test
.ts[2m > 
[22m[2mWebGL 
Context Loss 
Recovery[2m > 
[22m[2mdoes not 
call complete 
callback on context 
loss (uses abort 
instead)
[22m[39m[WARN] Brea
kthroughDirector: 
WebGL context lost 
during breakthrough 
- forcing immediate 
completion 

  seed: [33m12345[39m,
  completed: [33mfalse[39m,
  wasFallback: [33mfalse[39m
}

 [32mΓ£ô[39m src/lib/i18n/__tests__/translation-keys.test.ts [2m([22m[2m5 tests[22m[2m)[22m[32m 32[2mms[22m[39m
 [32mΓ£ô[39m src/lib/i18n/__tests__/i18n-extended.test.ts [2m([22m[2m15 tests[22m[2m)[22m[32m 123[2mms[22m[39m
[90mstdout[2m | src/lib/breakthrough/__tests__/director.test.ts[2m > [22m[2mBreakthrough Director[2m > [22m[2mAbort[2m > [22m[2mshould transition to cleanup on abort
[22m[39m[INFO] BreakthroughHistory: Breakthrough history cleared 

 [32mΓ£ô[39m src/lib/breakthrough/__tests__/selector.test.ts [2m([22m[2m15 tests[22m[2m)[22m[32m 97[2mms[22m[39m
[90mstdout[2m | src/lib/__tests__/fsm-transitions.test.ts[2m > [22m[2mSpiralMachine FSM[2m > [22m[2mProcessing Sub-States[2m > [22m[2msets correct sub-states through processing pipeline
[22m[39m[INFO] SpiralMachine: State transition { from: [32m'IDLE'[39m, to: [32m'PROCESSING'[39m, event: [32m'START_PROCESSING'[39m }
[INFO] SpiralMachine: State transition { from: [32m'IDLE'[39m, to: [32m'PROCESSING'[39m, event: [32m'START_PROCESSING'[39m }
[INFO] SpiralMachine: State transition { from: [32m'IDLE'[39m, to: [32m'PROCESSING'[39m, event: [32m'START_PROCESSING'[39m }
[INFO] SpiralMachine: State transition { from: [32m'PROCESSING'[39m, to: [32m'DELIBERATING'[39m, event: [32m'START_DELIBERATING'[39m }

[90mstdout[2m | src/lib/__tests__/breakthrough-lifecycle.test.ts[2m > [22m[2mBreakthrough Director Lifecycle[2m > [22m[2mPrewarm Phase[2m > [22m[2madapts particle count for quality tier
[22m[39m[INFO] BreakthroughSelector: Variant selected {
  variantId: [32m'breath_out'[39m,
  seed: [33m1137976880[39m,
  score: [33m0.825[39m,
  eligibleCount: [33m25[39m
}
[INFO] BreakthroughDirector: Prewarm complete { variantId: [32m'breath_out'[39m }

[90mstdout[2m | src/lib/breakthrough/__tests__/director.test.ts[2m > [22m[2mBreakthrough Director[2m > [22m[2mAbort[2m > [22m[2mshould transition to cleanup on abort
[22m[39m[INFO] BreakthroughSelector: Variant selected {
  variantId: [32m'veil_lift'[39m,
  seed: [33m439857504[39m,
  score: [33m0.7999999999999999[39m,
  eligibleCount: [33m44[39m
}
[INFO] BreakthroughDirector: Prewarm complete { variantId: [32m'veil_lift'[39m }

[90mstdout[2m | src/lib/__tests__/fsm-transitions.test.ts[2m > [22m[2mSpiralMachine FSM[2m > [22m[2mProcessing Sub-States[2m > [22m[2mclears sub-state when returning to IDLE
[22m[39m[INFO] SpiralMachine: State transition { from: [32m'IDLE'[39m, to: [32m'PROCESSING'[39m, event: [32m'START_PROCESSING'[39m }
[INFO] SpiralMachine: State transition { from: [32m'PROCESSING'[39m, to: [32m'RESPONDING'[39m, event: [32m'START_RESPONDING'[39m }
[INFO] SpiralMachine: State transition { from: [32m'RESPONDING'[39m, to: [32m'IDLE'[39m, event: [32m'RESPONSE_COMPLETE'[39m }

[90mstdout[2m | src/lib/__tests__/breakthrough-lifecycle.test.ts[2m > [22m[2mBreakthrough Director Lifecycle[2m > [22m[2mPrewarm Phase[2m > [22m[2madapts particle count for quality tier
[22m[39m[INFO] BreakthroughSelector: Variant selected {
  variantId: [32m'tension_dissolve'[39m,
  seed: [33m1966808393[39m,
  score: [33m0.825[39m,
  eligibleCount: [33m44[39m
}
[INFO] BreakthroughDirector: Prewarm complete { variantId: [32m'tension_dissolve'[39m }

[90mstdout[2m | src/lib/__tests__/webgl-context-recovery.test.ts[2m > [22m[2mWebGL Context Loss Recovery[2m > [22m[2mreturns to idle state after context loss (no hang)
[22m[39m[INFO] BreakthroughDirector: Breakthrough event {
  eventType: [32m'started'[39m,
  variantId: [32m'test-variant'[39m,
  seed: [33m12345[39m,
  intensityBand: [32m'medium'[39m,
  qualityTier: [32m'mid'[39m,
  duration: [33m0.04600000000004911[39m,
  avgFps: [90mundefined[39m,
  minFps: [90mundefined[39m,
  error: [90mundefined[39m,
  timestamp: [33m1769583880365[39m
}
[Analytics] cinematic_started: {
  variant: [32m'test-variant'[39m,
  duration: [33m0.04600000000004911[39m,
  seed: [33m12345[39m,
  intensityBand: [32m'medium'[39m,
  wasFallback: [33mfalse[39m,
  timestamp: [33m1769583880365[39m,
  userAgent: [32m'Node.js/22'[39m
}
[INFO] BreakthroughDirector: Breakthrough event {
  eventType: [32m'error'[39m,
  variantId: [32m'test-variant'[39m,
  seed: [33m12345[39m,
  intensityBand: [32m'medium'[39m,
  qualityTier: [32m'mid'[39m,
  duration: [33m1.4375[39m,
  avgFps: [90mundefined[39m,
  minFps: [90mundefined[39m,
  error: [90mundefined[39m,
  timestamp: [33m1769583880366[39m
}
[Analytics] cinematic_error: {
  variant: [32m'test-variant'[39m,
  duration: [33m1.4375[39m,
  seed: [33m12345[39m,
  intensityBand: [32m'medium'[39m,
  wasFallback: [33mfalse[39m,
  timestamp: [33m1769583880366[39m,
  userAgent: [32m'Node.js/22'[39m
}
[INFO] BreakthroughHistory: Breakthrough recorded {
  variantId: [32m'test-variant'[39m,
  seed: [33m12345[39m,
  completed: [33mfalse[39m,
  wasFallback: [33mfalse[39m
}

[90mstdout[2m | src/lib/breakthrough/__tests__/director.test.ts[2m > [22m[2mBreakthrough Director[2m > [22m[2mAbort[2m > [22m[2mshould transition to cleanup on abort
[22m[39m[INFO] BreakthroughDirector: Breakthrough event {
  eventType: [32m'started'[39m,
  variantId: [32m'veil_lift'[39m,
  seed: [33m439857504[39m,
  intensityBand: [32m'medium'[39m,
[90mstderr[2m | src
/lib/__tests__/webgl-
context-recovery.test
.ts[2m > 
[22m[2mWebGL 
Context Loss 
Recovery[2m > 
[22m[2mreturns to 
idle state after 
context loss (no 
hang)
  qualityTier: [32m'mid'[39m,
  duration: [90mundefined[39m,
  avgFps: [90mundefined[39m,
  minFps: [90mundefined[39m,
  error: [90mundefined[39m,
  timestamp: [33m1769583880317[39m
}

[90mstdout[2m | src/lib/__tests__/fsm-transitions.test.ts[2m > [22m[2mSpiralMachine FSM[2m > [22m[2mTransition History[2m > [22m[2mrecords transitions with from/to/event
[22m[39m[INFO] SpiralMachine: State transition { from: [32m'IDLE'[39m, to: [32m'LISTENING'[39m, event: [32m'START_LISTENING'[39m }

[90mstdout[2m | src/lib/__tests__/breakthrough-lifecycle.test.ts[2m > [22m[2mBreakthrough Director Lifecycle[2m > [22m[2mPlay Phase[2m > [22m[2mtransitions to playing phase on play()
[22m[39m[INFO] BreakthroughDirector: Breakthrough event {
  eventType: [32m'started'[39m,
  variantId: [32m'test-variant-1'[39m,
  seed: [33m1000[39m,
  intensityBand: [32m'medium'[39m,
  qualityTier: [32m'mid'[39m,
  duration: [33m0.6008999999999105[39m,
  avgFps: [90mundefined[39m,
  minFps: [90mundefined[39m,
  error: [90mundefined[39m,
  timestamp: [33m1769583880382[39m
}
[Analytics] cinematic_started: {
  variant: [32m'test-variant-1'[39m,
  duration: [33m0.6008999999999105[39m,
  seed: [33m1000[39m,
  intensityBand: [32m'medium'[39m,
  wasFallback: [33mfalse[39m,
  timestamp: [33m1769583880385[39m,
  userAgent: [32m'Node.js/22'[39m
}

 [32mΓ£ô[39m src/lib/i18n/__tests__/speechLocale.test.ts [2m([22m[2m5 tests[22m[2m)[22m[32m 8[2mms[22m[39m
[90mstdout[2m | src/lib/breakthrough/__tests__/director.test.ts[2m > [22m[2mBreakthrough Director[2m > [22m[2mAbort[2m > [22m[2mshould transition to cleanup on abort
[22m[39m[INFO] BreakthroughDirector: Breakthrough aborted { reason: [32m'test_abort'[39m }
[INFO] BreakthroughDirector: Breakthrough event {
  eventType: [32m'aborted'[39m,
  variantId: [32m'veil_lift'[39m,
  seed: [33m439857504[39m,
  intensityBand: [32m'medium'[39m,
  qualityTier: [32m'mid'[39m,
  duration: [90mundefined[39m,
  avgFps: [90mundefined[39m,
  minFps: [90mundefined[39m,
  error: [90mundefined[39m,
  timestamp: [33m1769583880317[39m
}
[INFO] BreakthroughHistory: Breakthrough recorded {
  variantId: [32m'veil_lift'[39m,
  seed: [33m439857504[39m,
  completed: [33mfalse[39m,
  wasFallback: [33mfalse[39m
}

[90mstdout[2m | src/lib/__tests__/fsm-transitions.test.ts[2m > [22m[2mSpiralMachine FSM[2m > [22m[2mTransition History[2m > [22m[2maccumulates and caps at 20 entries
[22m[39m[INFO] SpiralMachine: State transition { from: [32m'IDLE'[39m, to: [32m'LISTENING'[39m, event: [32m'START_LISTENING'[39m }
[INFO] SpiralMachine: State transition { from: [32m'LISTENING'[39m, to: [32m'IDLE'[39m, event: [32m'STOP_LISTENING'[39m }
[INFO] SpiralMachine: State transition { from: [32m'IDLE'[39m, to: [32m'LISTENING'[39m, event: [32m'START_LISTENING'[39m }
[INFO] SpiralMachine: State transition { from: [32m'LISTENING'[39m, to: [32m'IDLE'[39m, event: [32m'STOP_LISTENING'[39m }
[INFO] SpiralMachine: State transition { from: [32m'IDLE'[39m, to: [32m'LISTENING'[39m, event: [32m'START_LISTENING'[39m }
[INFO] SpiralMachine: State transition { from: [32m'LISTENING'[39m, to: [32m'IDLE'[39m, event: [32m'STOP_LISTENING'[39m }
[INFO] SpiralMachine: State transition { from: [32m'IDLE'[39m, to: [32m'LISTENING'[39m, event: [32m'START_LISTENING'[39m }
[INFO] SpiralMachine: State transition { from: [32m'LISTENING'[39m, to: [32m'IDLE'[39m, event: [32m'STOP_LISTENING'[39m }
[INFO] SpiralMachine: State transition { from: [32m'IDLE'[39m, to: [32m'LISTENING'[39m, event: [32m'START_LISTENING'[39m }
[INFO] SpiralMachine: State transition { from: [32m'LISTENING'[39m, to: [32m'IDLE'[39m, event: [32m'STOP_LISTENING'[39m }
[INFO] SpiralMachine: State transition { from: [32m'IDLE'[39m, to: [32m'LISTENING'[39m, event: [32m'START_LISTENING'[39m }
[INFO] SpiralMachine: State transition { from: [32m'LISTENING'[39m, to: [32m'IDLE'[39m, event: [32m'STOP_LISTENING'[39m }
[INFO] SpiralMachine: State transition { from: [32m'IDLE'[39m, to: [32m'LISTENING'[39m, event: [32m'START_LISTENING'[39m }
[INFO] SpiralMachine: State transition { from: [32m'LISTENING'[39m, to: [32m'IDLE'[39m, event: [32m'STOP_LISTENING'[39m }
[INFO] SpiralMachine: State transition { from: [32m'IDLE'[39m, to: [32m'LISTENING'[39m, event: [32m'START_LISTENING'[39m }
[INFO] SpiralMachine: State transition { from: [32m'LISTENING'[39m, to: [32m'IDLE'[39m, event: [32m'STOP_LISTENING'[39m }
[INFO] SpiralMachine: State transition { from: [32m'IDLE'[39m, to: [32m'LISTENING'[39m, event: [32m'START_LISTENING'[39m }
[INFO] SpiralMachine: State transition { from: [32m'LISTENING'[39m, to: [32m'IDLE'[39m, event: [32m'STOP_LISTENING'[39m }
[INFO] SpiralMachine: State transition { from: [32m'IDLE'[39m, to: [32m'LISTENING'[39m, event: [32m'START_LISTENING'[39m }
[INFO] SpiralMachine: State transition { from: [32m'LISTENING'[39m, to: [32m'IDLE'[39m, event: [32m'STOP_LISTENING'[39m }
[INFO] SpiralMachine: State transition { from: [32m'IDLE'[39m, to: [32m'LISTENING'[39m, event: [32m'START_LISTENING'[39m }
[INFO] SpiralMachine: State transition { from: [32m'LISTENING'[39m, to: [32m'IDLE'[39m, event: [32m'STOP_LISTENING'[39m }
[INFO] SpiralMachine: State transition { from: [32m'IDLE'[39m, to: [32m'LISTENING'[39m, event: [32m'START_LISTENING'[39m }
[INFO] SpiralMachine: State transition { from: [32m'LISTENING'[39m, to: [32m'IDLE'[39m, event: [32m'STOP_LISTENING'[39m }
[INFO] SpiralMachine: State transition { from: [32m'IDLE'[39m, to: [32m'LISTENING'[39m, event: [32m'START_LISTENING'[39m }
[INFO] SpiralMachine: State transition { from: [32m'LISTENING'[39m, to: [32m'IDLE'[39m, event: [32m'STOP_LISTENING'[39m }
[INFO] SpiralMachine: State transition { from: [32m'IDLE'[39m, to: [32m'LISTENING'[39m, event: [32m'START_LISTENING'[39m }
[INFO] SpiralMachine: State transition { from: [32m'LISTENING'[39m, to: [32m'IDLE'[39m, event: [32m'STOP_LISTENING'[39m }
[INFO] SpiralMachine: State transition { from: [32m'IDLE'[39m, to: [32m'LISTENING'[39m, event: [32m'START_LISTENING'[39m }
[INFO] SpiralMachine: State transition { from: [32m'LISTENING'[39m, to: [32m'IDLE'[39m, event: [32m'STOP_LISTENING'[39m }
[INFO] SpiralMachine: State transition { from: [32m'IDLE'[39m, to: [32m'LISTENING'[39m, event: [32m'START_LISTENING'[39m }
[INFO] SpiralMachine: State transition { from: [32m'LISTENING'[39m, to: [32m'IDLE'[39m, event: [32m'STOP_LISTENING'[39m }
[INFO] SpiralMachine: State transition { from: [32m'IDLE'[39m, to: [32m'LISTENING'[39m, event: [32m'START_LISTENING'[39m }
[INFO] SpiralMachine: State transition { from: [32m'LISTENING'[39m, to: [32m'IDLE'[39m, event: [32m'STOP_LISTENING'[39m }
[INFO] SpiralMachine: State transition { from: [32m'IDLE'[39m, to: [32m'LISTENING'[39m, event: [32m'START_LISTENING'[39m }
[INFO] SpiralMachine: State transition { from: [32m'LISTENING'[39m, to: [32m'IDLE'[39m, event: [32m'STOP_LISTENING'[39m }
[INFO] SpiralMachine: State transition { from: [32m'IDLE'[39m, to: [32m'LISTENING'[39m, event: [32m'START_LISTENING'[39m }
[INFO] SpiralMachine: State transition { from: [32m'LISTENING'[39m, to: [32m'IDLE'[39m, event: [32m'STOP_LISTENING'[39m }
[INFO] SpiralMachine: State transition { from: [32m'IDLE'[39m, to: [32m'LISTENING'[39m, event: [32m'START_LISTENING'[39m }
[INFO] SpiralMachine: State transition { from: [32m'LISTENING'[39m, to: [32m'IDLE'[39m, event: [32m'STOP_LISTENING'[39m }
[INFO] SpiralMachine: State transition { from: [32m'IDLE'[39m, to: [32m'LISTENING'[39m, event: [32m'START_LISTENING'[39m }
[INFO] SpiralMachine: State transition { from: [32m'LISTENING'[39m, to: [32m'IDLE'[39m, event: [32m'STOP_LISTENING'[39m }
[INFO] SpiralMachine: State transition { from: [32m'IDLE'[39m, to: [32m'LISTENING'[39m, event: [32m'START_LISTENING'[39m }
[INFO] SpiralMachine: State transition { from: [32m'LISTENING'[39m, to: [32m'IDLE'[39m, event: [32m'STOP_LISTENING'[39m }
[INFO] SpiralMachine: State transition { from: [32m'IDLE'[39m, to: [32m'LISTENING'[39m, event: [32m'START_LISTENING'[39m }
[INFO] SpiralMachine: State transition { from: [32m'LISTENING'[39m, to: [32m'IDLE'[39m, event: [32m'STOP_LISTENING'[39m }
[INFO] SpiralMachine: State transition { from: [32m'IDLE'[39m, to: [32m'LISTENING'[39m, event: [32m'START_LISTENING'[39m }
[INFO] SpiralMachine: State transition { from: [32m'LISTENING'[39m, to: [32m'IDLE'[39m, event: [32m'STOP_LISTENING'[39m }
[INFO] SpiralMachine: State transition { from: [32m'IDLE'[39m, to: [32m'LISTENING'[39m, event: [32m'START_LISTENING'[39m }
[INFO] SpiralMachine: State transition { from: [32m'LISTENING'[39m, to: [32m'IDLE'[39m, event: [32m'STOP_LISTENING'[39m }

[90mstdout[2m | src/lib/__tests__/breakthrough-lifecycle.test.ts[2m > [22m[2mBreakthrough Director Lifecycle[2m > [22m[2mPlay Phase[2m > [22m[2mstores current variant during play
[22m[39m[INFO] BreakthroughDirector: Breakthrough event {
  eventType: [32m'started'[39m,
  variantId: [32m'test-variant-2'[39m,
  seed: [33m2000[39m,
  intensityBand: [32m'medium'[39m,
  qualityTier: [32m'mid'[39m,
  duration: [33m0.13209999999980937[39m,
  avgFps: [90mundefined[39m,
  minFps: [90mundefined[39m,
  error: [90mundefined[39m,
[22m[39m[WARN] Brea
kthroughDirector: 
WebGL context lost 
during breakthrough 
- forcing immediate 
completion 

[90mstderr[2m | src
/lib/__tests__/webgl-
context-recovery.test
.ts[2m > 
[22m[2mWebGL 
Context Loss 
Recovery[2m > 
[22m[2mignores 
context loss during 
idle phase
[22m[39m[WARN] Brea
kthroughDirector: 
WebGL context lost 
during breakthrough 
- forcing immediate 
completion 

  timestamp: [33m1769583880390[39m
}
[Analytics] cinematic_started: {
  variant: [32m'test-variant-2'[39m,
  duration: [33m0.13209999999980937[39m,
  seed: [33m2000[39m,
  intensityBand: [32m'medium'[39m,
  wasFallback: [33mfalse[39m,
  timestamp: [33m1769583880390[39m,
  userAgent: [32m'Node.js/22'[39m
}

[90mstdout[2m | src/lib/breakthrough/__tests__/director.test.ts[2m > [22m[2mBreakthrough Director[2m > [22m[2mAbort[2m > [22m[2mshould call onAbort callback with reason
[22m[39m[INFO] BreakthroughHistory: Breakthrough history cleared 

[90mstdout[2m | src/lib/__tests__/fsm-transitions.test.ts[2m > [22m[2mSpiralMachine FSM[2m > [22m[2mState Predicates[2m > [22m[2misProcessing detects processing states
[22m[39m[INFO] SpiralMachine: State transition { from: [32m'IDLE'[39m, to: [32m'PROCESSING'[39m, event: [32m'START_PROCESSING'[39m }
[INFO] SpiralMachine: State transition { from: [32m'IDLE'[39m, to: [32m'PROCESSING'[39m, event: [32m'START_PROCESSING'[39m }
[INFO] SpiralMachine: State transition { from: [32m'PROCESSING'[39m, to: [32m'DELIBERATING'[39m, event: [32m'START_DELIBERATING'[39m }
[INFO] SpiralMachine: State transition { from: [32m'IDLE'[39m, to: [32m'PROCESSING'[39m, event: [32m'START_PROCESSING'[39m }
[INFO] SpiralMachine: State transition { from: [32m'PROCESSING'[39m, to: [32m'RESPONDING'[39m, event: [32m'START_RESPONDING'[39m }

[90mstdout[2m | src/lib/__tests__/breakthrough-lifecycle.test.ts[2m > [22m[2mBreakthrough Director Lifecycle[2m > [22m[2mPlay Phase[2m > [22m[2mtriggers phase change callback
[22m[39m[INFO] BreakthroughDirector: Breakthrough event {
  eventType: [32m'started'[39m,
  variantId: [32m'test-variant-3'[39m,
  seed: [33m3000[39m,
  intensityBand: [32m'medium'[39m,
  qualityTier: [32m'mid'[39m,
  duration: [33m0.032500000000027285[39m,
  avgFps: [90mundefined[39m,
  minFps: [90mundefined[39m,
  error: [90mundefined[39m,
  timestamp: [33m1769583880392[39m
}
[Analytics] cinematic_started: {
  variant: [32m'test-variant-3'[39m,
  duration: [33m0.032500000000027285[39m,
  seed: [33m3000[39m,
  intensityBand: [32m'medium'[39m,
  wasFallback: [33mfalse[39m,
  timestamp: [33m1769583880392[39m,
  userAgent: [32m'Node.js/22'[39m
}

[90mstdout[2m | src/lib/__tests__/webgl-context-recovery.test.ts[2m > [22m[2mWebGL Context Loss Recovery[2m > [22m[2mtracks context loss error in analytics
[22m[39m[INFO] BreakthroughDirector: Breakthrough event {
  eventType: [32m'started'[39m,
  variantId: [32m'test-variant'[39m,
  seed: [33m12345[39m,
  intensityBand: [32m'medium'[39m,
  qualityTier: [32m'mid'[39m,
  duration: [33m0.07769999999982247[39m,
  avgFps: [90mundefined[39m,
  minFps: [90mundefined[39m,
  error: [90mundefined[39m,
  timestamp: [33m1769583880371[39m
}
[Analytics] cinematic_started: {
  variant: [32m'test-variant'[39m,
  duration: [33m0.07769999999982247[39m,
  seed: [33m12345[39m,
  intensityBand: [32m'medium'[39m,
  wasFallback: [33mfalse[39m,
  timestamp: [33m1769583880372[39m,
  userAgent: [32m'Node.js/22'[39m
}
[INFO] BreakthroughDirector: Breakthrough event {
  eventType: [32m'error'[39m,
  variantId: [32m'test-variant'[39m,
  seed: [33m12345[39m,
  intensityBand: [32m'medium'[39m,
  qualityTier: [32m'mid'[39m,
  duration: [33m3.0005999999998494[39m,
  avgFps: [90mundefined[39m,
  minFps: [90mundefined[39m,
  error: [90mundefined[39m,
  timestamp: [33m1769583880374[39m
}
[Analytics] cinematic_error: {
  variant: [32m'test-variant'[39m,
  duration: [33m3.0005999999998494[39m,
  seed: [33m12345[39m,
  intensityBand: [32m'medium'[39m,
  wasFallback: [33mfalse[39m,
  timestamp: [33m1769583880374[39m,
  userAgent: [32m'Node.js/22'[39m
}
[INFO] BreakthroughHistory: Breakthrough recorded {
  variantId: [32m'test-variant'[39m,
  seed: [33m12345[39m,
  completed: [33mfalse[39m,
  wasFallback: [33mfalse[39m
}

[90mstdout[2m | src/lib/breakthrough/__tests__/director.test.ts[2m > [22m[2mBreakthrough Director[2m > [22m[2mAbort[2m > [22m[2mshould call onAbort callback with reason
[22m[39m[INFO] BreakthroughSelector: Variant selected {
  variantId: [32m'dawn_break'[39m,
  seed: [33m1146945933[39m,
  score: [33m0.7999999999999999[39m,
  eligibleCount: [33m44[39m
}
[INFO] BreakthroughDirector: Prewarm complete { variantId: [32m'dawn_break'[39m }

[90mstdout[2m | src/lib/__tests__/fsm-transitions.test.ts[2m > [22m[2mSpiralMachine FSM[2m > [22m[2mState Predicates[2m > [22m[2mstate predicate functions work correctly
[22m[39m[INFO] SpiralMachine: State transition { from: [32m'IDLE'[39m, to: [32m'LISTENING'[39m, event: [32m'START_LISTENING'[39m }
[INFO] SpiralMachine: State transition { from: [32m'IDLE'[39m, to: [32m'CINEMATIC'[39m, event: [32m'TRIGGER_CINEMATIC'[39m }
[INFO] SpiralMachine: State transition { from: [32m'IDLE'[39m, to: [32m'LISTENING'[39m, event: [32m'START_LISTENING'[39m }
[INFO] SpiralMachine: State transition { from: [32m'LISTENING'[39m, to: [32m'ERROR'[39m, event: [32m'ERROR'[39m }

[90mstdout[2m | src/lib/__tests__/breakthrough-lifecycle.test.ts[2m > [22m[2mBreakthrough Director Lifecycle[2m > [22m[2mComplete Phase[2m > [22m[2mtransitions to settling on complete()
[22m[39m[INFO] BreakthroughDirector: Breakthrough event {
  eventType: [32m'started'[39m,
  variantId: [32m'test-variant-4'[39m,
  seed: [33m4000[39m,
  intensityBand: [32m'medium'[39m,
  qualityTier: [32m'mid'[39m,
  duration: [33m0.03019999999992251[39m,
  avgFps: [90mundefined[39m,
  minFps: [90mundefined[39m,
  error: [90mundefined[39m,
  timestamp: [33m1769583880396[39m
}
[Analytics] cinematic_started: {
  variant: [32m'test-variant-4'[39m,
  duration: [33m0.03019999999992251[39m,
  seed: [33m4000[39m,
  intensityBand: [32m'medium'[39m,
  wasFallback: [33mfalse[39m,
  timestamp: [33m1769583880397[39m,
  userAgent: [32m'Node.js/22'[39m
}

[90mstdout[2m | src/lib/breakthrough/__tests__/director.test.ts[2m > [22m[2mBreakthrough Director[2m > [22m[2mAbort[2m > [22m[2mshould call onAbort callback with reason
[22m[39m[INFO] BreakthroughDirector: Breakthrough event {
  eventType: [32m'started'[39m,
  variantId: [32m'dawn_break'[39m,
  seed: [33m1146945933[39m,
  intensityBand: [32m'medium'[39m,
  qualityTier: [32m'mid'[39m,
  duration: [90mundefined[39m,
  avgFps: [90mundefined[39m,
  minFps: [90mundefined[39m,
  error: [90mundefined[39m,
  timestamp: [33m1769583880322[39m
}

[90mstdout[2m | src/lib/__tests__/fsm-transitions.test.ts[2m > [22m[2mSpiralMachine FSM[2m > [22m[2mState Predicates[2m > [22m[2mcapability predicates work correctly
[22m[39m[INFO] SpiralMachine: State transition { from: [32m'IDLE'[39m, to: [32m'LISTENING'[39m, event: [32m'START_LISTENING'[39m }
[INFO] SpiralMachine: State transition { from: [32m'IDLE'[39m, to: [32m'PROCESSING'[39m, event: [32m'START_PROCESSING'[39m }
[INFO] SpiralMachine: State transition { from: [32m'IDLE'[39m, to: [32m'PROCESSING'[39m, event: [32m'START_PROCESSING'[39m }
[INFO] SpiralMachine: State transition { from: [32m'IDLE'[39m, to: [32m'LISTENING'[39m, event: [32m'START_LISTENING'[39m }

[90mstdout[2m | src/lib/__tests__/breakthrough-lifecycle.test.ts[2m > [22m[2mBreakthrough Director Lifecycle[2m > [22m[2mComplete Phase[2m > [22m[2mtransitions to idle after settle timeout
[22m[39m[INFO] BreakthroughDirector: Breakthrough event {
  eventType: [32m'started'[39m,
  variantId: [32m'test-variant-5'[39m,
  seed: [33m5000[39m,
  intensityBand: [32m'medium'[39m,
  qualityTier: [32m'mid'[39m,
  duration: [33m0.019200000000182627[39m,
  avgFps: [90mundefined[39m,
  minFps: [90mundefined[39m,
  error: [90mundefined[39m,
  timestamp: [33m1769583880407[39m
}
[Analytics] cinematic_started: {
  variant: [32m'test-variant-5'[39m,
  duration: [33m0.019200000000182627[39m,
  seed: [33m5000[39m,
  intensityBand: [32m'medium'[39m,
  wasFallback: [33mfalse[39m,
  timestamp: [33m1769583880407[39m,
  userAgent: [32m'Node.js/22'[39m
}

[90mstdout[2m | src/lib/breakthrough/__tests__/director.test.ts[2m > [22m[2mBreakthrough Director[2m > [22m[2mAbort[2m > [22m[2mshould call onAbort callback with reason
[22m[39m[INFO] BreakthroughDirector: Breakthrough aborted { reason: [32m'user_skip'[39m }
[INFO] BreakthroughDirector: Breakthrough event {
  eventType: [32m'aborted'[39m,
  variantId: [32m'dawn_break'[39m,
  seed: [33m1146945933[39m,
  intensityBand: [32m'medium'[39m,
  qualityTier: [32m'mid'[39m,
  duration: [90mundefined[39m,
  avgFps: [90mundefined[39m,
  minFps: [90mundefined[39m,
  error: [90mundefined[39m,
  timestamp: [33m1769583880322[39m
}
[INFO] BreakthroughHistory: Breakthrough recorded {
  variantId: [32m'dawn_break'[39m,
  seed: [33m1146945933[39m,
  completed: [33mfalse[39m,
  wasFallback: [33mfalse[39m
}
[90mstderr[2m | src
/lib/__tests__/webgl-
context-recovery.test
.ts[2m > 
[22m[2mWebGL 
Context Loss 
Recovery[2m > 
[22m[2mtracks 
context loss error 
in analytics
[22m[39m[WARN] Brea
kthroughDirector: 
WebGL context lost 
during breakthrough 
- forcing immediate 
completion 

[90mstderr[2m | src
/lib/breakthrough/__t
ests__/director.test.
ts[2m > [22m[2mBre
akthrough 
Director[2m > [22m
[2mIdempotency[2m > 
[22m[2mshould 
cancel prior 
instance when play 
called twice
[22m[39m[WARN] Brea
kthroughDirector: No 
variant available, 
using fallback 


[90mstdout[2m | src/lib/breakthrough/__tests__/director.test.ts[2m > [22m[2mBreakthrough Director[2m > [22m[2mIdempotency[2m > [22m[2mshould cancel prior instance when play called twice
[22m[39m[INFO] BreakthroughHistory: Breakthrough history cleared 

 [32mΓ£ô[39m src/lib/__tests__/webgl-context-recovery.test.ts [2m([22m[2m5 tests[22m[2m)[22m[32m 40[2mms[22m[39m
[90mstdout[2m | src/lib/breakthrough/__tests__/director.test.ts[2m > [22m[2mBreakthrough Director[2m > [22m[2mIdempotency[2m > [22m[2mshould cancel prior instance when play called twice
[22m[39m[INFO] BreakthroughSelector: Variant selected {
  variantId: [32m'dawn_break'[39m,
  seed: [33m1769227761[39m,
  score: [33m0.7999999999999999[39m,
  eligibleCount: [33m44[39m
}
[INFO] BreakthroughDirector: Prewarm complete { variantId: [32m'dawn_break'[39m }

 [32mΓ£ô[39m src/lib/__tests__/fsm-transitions.test.ts [2m([22m[2m42 tests[22m[2m)[22m[32m 201[2mms[22m[39m
[90mstdout[2m | src/lib/breakthrough/__tests__/director.test.ts[2m > [22m[2mBreakthrough Director[2m > [22m[2mIdempotency[2m > [22m[2mshould cancel prior instance when play called twice
[22m[39m[INFO] BreakthroughDirector: Breakthrough event {
  eventType: [32m'started'[39m,
  variantId: [32m'dawn_break'[39m,
  seed: [33m1769227761[39m,
  intensityBand: [32m'medium'[39m,
  qualityTier: [32m'mid'[39m,
  duration: [90mundefined[39m,
  avgFps: [90mundefined[39m,
  minFps: [90mundefined[39m,
  error: [90mundefined[39m,
  timestamp: [33m1769583880334[39m
}

[90mstdout[2m | src/lib/breakthrough/__tests__/director.test.ts[2m > [22m[2mBreakthrough Director[2m > [22m[2mIdempotency[2m > [22m[2mshould cancel prior instance when play called twice
[22m[39m[INFO] BreakthroughDirector: Canceling existing playback 
[INFO] BreakthroughDirector: Breakthrough aborted { reason: [32m'new_play_requested'[39m }
[INFO] BreakthroughDirector: Breakthrough event {
  eventType: [32m'aborted'[39m,
  variantId: [32m'dawn_break'[39m,
  seed: [33m1769227761[39m,
  intensityBand: [32m'medium'[39m,
  qualityTier: [32m'mid'[39m,
  duration: [90mundefined[39m,
  avgFps: [90mundefined[39m,
  minFps: [90mundefined[39m,
  error: [90mundefined[39m,
  timestamp: [33m1769583880334[39m
}
[INFO] BreakthroughHistory: Breakthrough recorded {
  variantId: [32m'dawn_break'[39m,
  seed: [33m1769227761[39m,
  completed: [33mfalse[39m,
  wasFallback: [33mfalse[39m
}

[90mstdout[2m | src/lib/breakthrough/__tests__/director.test.ts[2m > [22m[2mBreakthrough Director[2m > [22m[2mIdempotency[2m > [22m[2mshould cancel prior instance when play called twice
[22m[39m[INFO] BreakthroughDirector: Breakthrough event {
  eventType: [32m'started'[39m,
  variantId: [32m'clarity_pulse'[39m,
  seed: [33m1808406445[39m,
  intensityBand: [32m'low'[39m,
  qualityTier: [32m'mid'[39m,
  duration: [90mundefined[39m,
  avgFps: [90mundefined[39m,
  minFps: [90mundefined[39m,
  error: [90mundefined[39m,
  timestamp: [33m1769583880334[39m
}

[90mstdout[2m | src/lib/breakthrough/__tests__/director.test.ts[2m > [22m[2mBreakthrough Director[2m > [22m[2mFPS Monitoring[2m > [22m[2mshould accept FPS reports
[22m[39m[INFO] BreakthroughHistory: Breakthrough history cleared 

[90mstdout[2m | src/lib/breakthrough/__tests__/director.test.ts[2m > [22m[2mBreakthrough Director[2m > [22m[2mFPS Monitoring[2m > [22m[2mshould accept FPS reports
[22m[39m[INFO] BreakthroughSelector: Variant selected {
  variantId: [32m'veil_lift'[39m,
  seed: [33m213629236[39m,
  score: [33m0.7999999999999999[39m,
  eligibleCount: [33m44[39m
}
[INFO] BreakthroughDirector: Prewarm complete { variantId: [32m'veil_lift'[39m }

[90mstdout[2m | src/lib/breakthrough/__tests__/director.test.ts[2m > [22m[2mBreakthrough Director[2m > [22m[2mFPS Monitoring[2m > [22m[2mshould accept FPS reports
[22m[39m[INFO] BreakthroughDirector: Breakthrough event {
  eventType: [32m'started'[39m,
  variantId: [32m'veil_lift'[39m,
  seed: [33m213629236[39m,
  intensityBand: [32m'medium'[39m,
  qualityTier: [32m'mid'[39m,
  duration: [90mundefined[39m,
  avgFps: [90mundefined[39m,
  minFps: [90mundefined[39m,
  error: [90mundefined[39m,
  timestamp: [33m1769583880371[39m
}

[90mstdout[2m | src/lib/breakthrough/__tests__/director.test.ts[2m > [22m[2mBreakthrough Director[2m > [22m[2mFPS Monitoring[2m > [22m[2mshould not accept FPS reports when not playing
[22m[39m[INFO] BreakthroughHistory: Breakthrough history cleared 

[90mstdout[2m | src/lib/breakthrough/__tests__/director.test.ts[2m > [22m[2mBreakthrough Director[2m > [22m[2mSafe Mode[2m > [22m[2mshould trigger safe mode on low FPS
[22m[39m[INFO] BreakthroughHistory: Breakthrough history cleared 

[90mstdout[2m | src/lib/breakthrough/__tests__/director.test.ts[2m > [22m[2mBreakthrough Director[2m > [22m[2mSafe Mode[2m > [22m[2mshould trigger safe mode on low FPS
[22m[39m[INFO] BreakthroughSelector: Variant selected {
  variantId: [32m'dawn_break'[39m,
  seed: [33m1433310877[39m,
  score: [33m0.7999999999999999[39m,
  eligibleCount: [33m44[39m
}
[INFO] BreakthroughDirector: Prewarm complete { variantId: [32m'dawn_break'[39m }

[90mstdout[2m | src/lib/breakthrough/__tests__/director.test.ts[2m > [22m[2mBreakthrough Director[2m > [22m[2mSafe Mode[2m > [22m[2mshould trigger safe mode on low FPS
[22m[39m[INFO] BreakthroughDirector: Breakthrough event {
  eventType: [32m'started'[39m,
  variantId: [32m'dawn_break'[39m,
  seed: [33m1433310877[39m,
  intensityBand: [32m'medium'[39m,
  qualityTier: [32m'mid'[39m,
  duration: [90mundefined[39m,
  avgFps: [90mundefined[39m,
  minFps: [90mundefined[39m,
  error: [90mundefined[39m,
  timestamp: [33m1769583880395[39m
}

[90mstdout[2m | src/lib/breakthrough/__tests__/director.test.ts[2m > [22m[2mBreakthrough Director[2m > [22m[2mSafe Mode[2m > [22m[2mshould trigger safe mode on low FPS
[22m[39m[INFO] BreakthroughDirector: Breakthrough event {
  eventType: [32m'fps_dip'[39m,
  variantId: [32m'dawn_break'[39m,
  seed: [33m1433310877[39m,
  intensityBand: [32m'medium'[39m,
  qualityTier: [32m'mid'[39m,
  duration: [90mundefined[39m,
  avgFps: [33m20[39m,
  minFps: [33m20[39m,
  error: [90mundefined[39m,
  timestamp: [33m1769583880895[39m
}
[INFO] BreakthroughDirector: Breakthrough event {
  eventType: [32m'fallback'[39m,
  variantId: [32m'dawn_break'[39m,
  seed: [33m1433310877[39m,
  intensityBand: [32m'medium'[39m,
  qualityTier: [32m'mid'[39m,
  duration: [90mundefined[39m,
  avgFps: [33m20[39m,
  minFps: [33m20[39m,
  error: [90mundefined[39m,
  timestamp: [33m1769583880895[39m
}

[90mstdout[2m | src/lib/breakthrough/__tests__/director.test.ts[2m > [22m[2mBreakthrough Director[2m > [22m[2mSafe Mode[2m > [22m[2mshould not trigger safe mode on good FPS
[22m[39m[INFO] BreakthroughHistory: Breakthrough history cleared 

[90mstdout[2m | src/lib/breakthrough/__tests__/director.test.ts[2m > [22m[2mBreakthrough Director[2m > [22m[2mSafe Mode[2m > [22m[2mshould not trigger safe mode on good FPS
[22m[39m[INFO] BreakthroughSelector: Variant selected {
  variantId: [32m'veil_lift'[39m,
  seed: [33m547779228[39m,
  score: [33m0.7999999999999999[39m,
  eligibleCount: [33m44[39m
}
[INFO] BreakthroughDirector: Prewarm complete { variantId: [32m'veil_lift'[39m }

[90mstdout[2m | src/lib/breakthrough/__tests__/director.test.ts[2m > [22m[2mBreakthrough Director[2m > [22m[2mSafe Mode[2m > [22m[2mshould not trigger safe mode on good FPS
[22m[39m[INFO] BreakthroughDirector: Breakthrough event {
  eventType: [32m'started'[39m,
  variantId: [32m'veil_lift'[39m,
  seed: [33m547779228[39m,
  intensityBand: [32m'medium'[39m,
  qualityTier: [32m'mid'[39m,
  duration: [90mundefined[39m,
  avgFps: [90mundefined[39m,
  minFps: [90mundefined[39m,
  error: [90mundefined[39m,
  timestamp: [33m1769583880398[39m
}

[90mstdout[2m | src/lib/breakthrough/__tests__/director.test.ts[2m > [22m[2mBreakthrough Director[2m > [22m[2mMax Duration Timeout[2m > [22m[2mshould force completion after max duration
[22m[39m[INFO] BreakthroughHistory: Breakthrough history cleared 

[90mstdout[2m | src/lib/breakthrough/__tests__/director.test.ts[2m > [22m[2mBreakthrough Director[2m > [22m[2mMax Duration Timeout[2m > [22m[2mshould force completion after max duration
[22m[39m[INFO] BreakthroughSelector: Variant selected {
  variantId: [32m'dawn_break'[39m,
  seed: [33m537408723[39m,
  score: [33m0.7999999999999999[39m,
  eligibleCount: [33m44[39m
}
[INFO] BreakthroughDirector: Prewarm complete { variantId: [32m'dawn_break'[39m }

[90mstdout[2m | src/lib/breakthrough/__tests__/director.test.ts[2m > [22m[2mBreakthrough Director[2m > [22m[2mMax Duration Timeout[2m > [22m[2mshould force completion after max duration
[22m[39m[INFO] BreakthroughDirector: Breakthrough event {
  eventType: [32m'started'[39m,
  variantId: [32m'dawn_break'[39m,
  seed: [33m537408723[39m,
  intensityBand: [32m'medium'[39m,
  qualityTier: [32m'mid'[39m,
  duration: [90mundefined[39m,
  avgFps: [90mundefined[39m,
  minFps: [90mundefined[39m,
  error: [90mundefined[39m,
  timestamp: [33m1769583880401[39m
}

[90mstdout[2m | src/lib/breakthrough/__tests__/director.test.ts[2m > [22m[2mBreakthrough Director[2m > [22m[2mMax Duration Timeout[2m > [22m[2mshould force completion after max duration
[22m[39m[INFO] BreakthroughHistory: Breakthrough recorded {
  variantId: [32m'dawn_break'[39m,
  seed: [33m537408723[39m,
  completed: [33mtrue[39m,
  wasFallback: [33mfalse[39m
}
[INFO] BreakthroughDirector: Breakthrough event {
  eventType: [32m'completed'[39m,
  variantId: [32m'dawn_break'[39m,
  seed: [33m537408723[39m,
  intensityBand: [32m'medium'[39m,
  qualityTier: [32m'mid'[39m,
  duration: [90mundefined[39m,
  avgFps: [90mundefined[39m,
  minFps: [90mundefined[39m,
  error: [90mundefined[39m,
  timestamp: [33m1769583895701[39m
}

[90mstdout[2m | src/lib/breakthrough/__tests__/director.test.ts[2m > [22m[2mBreakthrough Director[2m > [22m[2mCleanup[2m > [22m[2mshould dispose resources
[22m[39m[INFO] BreakthroughHistory: Breakthrough history cleared 

[90mstdout[2m | src/lib/breakthrough/__tests__/director.test.ts[2m > [22m[2mBreakthrough Director[2m > [22m[2mCleanup[2m > [22m[2mshould dispose resources
[22m[39m[INFO] BreakthroughSelector: Variant selected {
  variantId: [32m'dawn_break'[39m,
  seed: [33m1329068752[39m,
  score: [33m0.7999999999999999[39m,
  eligibleCount: [33m44[39m
}
[INFO] BreakthroughDirector: Prewarm complete { variantId: [32m'dawn_break'[39m }
[90mstderr[2m | src
/lib/breakthrough/__t
ests__/director.test.
ts[2m > [22m[2mBre
akthrough 
Director[2m > 
[22m[2mSafe 
Mode[2m > 
[22m[2mshould 
trigger safe mode on 
low FPS
[22m[39m[WARN] Brea
kthroughDirector: 
FPS below threshold 
{ avgFps: 
[33m20[39m, 
threshold: 
[33m30[39m }
[WARN] BreakthroughDi
rector: Triggering 
safe mode 

[90mstderr[2m | src
/lib/breakthrough/__t
ests__/director.test.
ts[2m > [22m[2mBre
akthrough 
Director[2m > 
[22m[2mMax 
Duration Timeout[2m 
> [22m[2mshould 
force completion 
after max duration
[22m[39m[WARN] Brea
kthroughDirector: 
Max duration 
reached, forcing 
completion 


[90mstdout[2m | src/lib/breakthrough/__tests__/director.test.ts[2m > [22m[2mBreakthrough Director[2m > [22m[2mCleanup[2m > [22m[2mshould dispose resources
[22m[39m[INFO] BreakthroughDirector: Breakthrough event {
  eventType: [32m'started'[39m,
  variantId: [32m'dawn_break'[39m,
  seed: [33m1329068752[39m,
  intensityBand: [32m'medium'[39m,
  qualityTier: [32m'mid'[39m,
  duration: [90mundefined[39m,
  avgFps: [90mundefined[39m,
  minFps: [90mundefined[39m,
  error: [90mundefined[39m,
  timestamp: [33m1769583880405[39m
}

 [32mΓ£ô[39m src/lib/breakthrough/__tests__/director.test.ts [2m([22m[2m18 tests[22m[2m)[22m[32m 150[2mms[22m[39m
 [32mΓ£ô[39m src/lib/__tests__/voice-pipeline-integration.test.ts [2m([22m[2m3 tests[22m[2m)[22m[32m 3[2mms[22m[39m
[90mstdout[2m | src/lib/__tests__/breakthrough-lifecycle.test.ts[2m > [22m[2mBreakthrough Director Lifecycle[2m > [22m[2mComplete Phase[2m > [22m[2mtransitions to idle after settle timeout
[22m[39m[INFO] BreakthroughHistory: Breakthrough recorded {
  variantId: [32m'test-variant-4'[39m,
  seed: [33m4000[39m,
  completed: [33mtrue[39m,
  wasFallback: [33mfalse[39m
}
[INFO] BreakthroughDirector: Breakthrough event {
  eventType: [32m'completed'[39m,
  variantId: [32m'test-variant-4'[39m,
  seed: [33m4000[39m,
  intensityBand: [32m'medium'[39m,
  qualityTier: [32m'mid'[39m,
  duration: [33m324.4578999999999[39m,
  avgFps: [90mundefined[39m,
  minFps: [90mundefined[39m,
  error: [90mundefined[39m,
  timestamp: [33m1769583880721[39m
}
[Analytics] feature_used: {
  feature: [32m'cinematic_played'[39m,
  metadata: { variant: [32m'test-variant-4'[39m }
}
[Analytics] cinematic_completed: {
  variant: [32m'test-variant-4'[39m,
  duration: [33m324.4578999999999[39m,
  seed: [33m4000[39m,
  intensityBand: [32m'medium'[39m,
  wasFallback: [33mfalse[39m,
  timestamp: [33m1769583880721[39m,
  userAgent: [32m'Node.js/22'[39m
}

[90mstdout[2m | src/lib/__tests__/breakthrough-lifecycle.test.ts[2m > [22m[2mBreakthrough Director Lifecycle[2m > [22m[2mComplete Phase[2m > [22m[2mtransitions to idle after settle timeout
[22m[39m[INFO] BreakthroughHistory: Breakthrough recorded {
  variantId: [32m'test-variant-5'[39m,
  seed: [33m5000[39m,
  completed: [33mtrue[39m,
  wasFallback: [33mfalse[39m
}
[INFO] BreakthroughDirector: Breakthrough event {
  eventType: [32m'completed'[39m,
  variantId: [32m'test-variant-5'[39m,
  seed: [33m5000[39m,
  intensityBand: [32m'medium'[39m,
  qualityTier: [32m'mid'[39m,
  duration: [33m314.36300000000006[39m,
  avgFps: [90mundefined[39m,
  minFps: [90mundefined[39m,
  error: [90mundefined[39m,
  timestamp: [33m1769583880721[39m
}
[Analytics] feature_used: {
  feature: [32m'cinematic_played'[39m,
  metadata: { variant: [32m'test-variant-5'[39m }
}
[Analytics] cinematic_completed: {
  variant: [32m'test-variant-5'[39m,
  duration: [33m314.36300000000006[39m,
  seed: [33m5000[39m,
  intensityBand: [32m'medium'[39m,
  wasFallback: [33mfalse[39m,
  timestamp: [33m1769583880721[39m,
  userAgent: [32m'Node.js/22'[39m
}

[90mstdout[2m | src/lib/__tests__/breakthrough-lifecycle.test.ts[2m > [22m[2mBreakthrough Director Lifecycle[2m > [22m[2mComplete Phase[2m > [22m[2mcleans up variant reference on complete
[22m[39m[INFO] BreakthroughDirector: Breakthrough event {
  eventType: [32m'started'[39m,
  variantId: [32m'test-variant-6'[39m,
  seed: [33m6000[39m,
  intensityBand: [32m'medium'[39m,
  qualityTier: [32m'mid'[39m,
  duration: [33m0.006499999999959982[39m,
  avgFps: [90mundefined[39m,
  minFps: [90mundefined[39m,
  error: [90mundefined[39m,
  timestamp: [33m1769583880767[39m
}
[Analytics] cinematic_started: {
  variant: [32m'test-variant-6'[39m,
  duration: [33m0.006499999999959982[39m,
  seed: [33m6000[39m,
  intensityBand: [32m'medium'[39m,
  wasFallback: [33mfalse[39m,
  timestamp: [33m1769583880767[39m,
  userAgent: [32m'Node.js/22'[39m
}

[90mstdout[2m | src/lib/__tests__/breakthrough-lifecycle.test.ts[2m > [22m[2mBreakthrough Director Lifecycle[2m > [22m[2mComplete Phase[2m > [22m[2mcleans up variant reference on complete
[22m[39m[INFO] BreakthroughHistory: Breakthrough recorded {
  variantId: [32m'test-variant-6'[39m,
  seed: [33m6000[39m,
  completed: [33mtrue[39m,
  wasFallback: [33mfalse[39m
}
[INFO] BreakthroughDirector: Breakthrough event {
  eventType: [32m'completed'[39m,
  variantId: [32m'test-variant-6'[39m,
  seed: [33m6000[39m,
  intensityBand: [32m'medium'[39m,
  qualityTier: [32m'mid'[39m,
  duration: [33m309.27600000000007[39m,
  avgFps: [90mundefined[39m,
  minFps: [90mundefined[39m,
  error: [90mundefined[39m,
  timestamp: [33m1769583881076[39m
}
[Analytics] feature_used: {
  feature: [32m'cinematic_played'[39m,
  metadata: { variant: [32m'test-variant-6'[39m }
}
[Analytics] cinematic_completed: {
  variant: [32m'test-variant-6'[39m,
  duration: [33m309.27600000000007[39m,
  seed: [33m6000[39m,
  intensityBand: [32m'medium'[39m,
  wasFallback: [33mfalse[39m,
  timestamp: [33m1769583881077[39m,
  userAgent: [32m'Node.js/22'[39m
}

[90mstdout[2m | src/lib/__tests__/breakthrough-lifecycle.test.ts[2m > [22m[2mBreakthrough Director Lifecycle[2m > [22m[2mAbort Phase[2m > [22m[2maborts with reason
[22m[39m[INFO] BreakthroughDirector: Breakthrough event {
  eventType: [32m'started'[39m,
  variantId: [32m'test-variant-7'[39m,
  seed: [33m7000[39m,
  intensityBand: [32m'medium'[39m,
  qualityTier: [32m'mid'[39m,
  duration: [33m0.11089999999967404[39m,
  avgFps: [90mundefined[39m,
  minFps: [90mundefined[39m,
  error: [90mundefined[39m,
  timestamp: [33m1769583881135[39m
}
[Analytics] cinematic_started: {
  variant: [32m'test-variant-7'[39m,
  duration: [33m0.11089999999967404[39m,
  seed: [33m7000[39m,
  intensityBand: [32m'medium'[39m,
  wasFallback: [33mfalse[39m,
  timestamp: [33m1769583881137[39m,
  userAgent: [32m'Node.js/22'[39m
}

[90mstdout[2m | src/lib/__tests__/breakthrough-lifecycle.test.ts[2m > [22m[2mBreakthrough Director Lifecycle[2m > [22m[2mAbort Phase[2m > [22m[2maborts with reason
[22m[39m[INFO] BreakthroughDirector: Breakthrough aborted { reason: [32m'user_cancelled'[39m }
[INFO] BreakthroughDirector: Breakthrough event {
  eventType: [32m'aborted'[39m,
  variantId: [32m'test-variant-7'[39m,
  seed: [33m7000[39m,
  intensityBand: [32m'medium'[39m,
  qualityTier: [32m'mid'[39m,
  duration: [33m10.40689999999995[39m,
  avgFps: [90mundefined[39m,
  minFps: [90mundefined[39m,
  error: [90mundefined[39m,
  timestamp: [33m1769583881145[39m
}
[Analytics] feature_used: {
  feature: [32m'cinematic_skipped'[39m,
  metadata: { variant: [32m'test-variant-7'[39m, progress: [90mundefined[39m }
}
[Analytics] cinematic_skipped: {
  variant: [32m'test-variant-7'[39m,
  duration: [33m10.40689999999995[39m,
  seed: [33m7000[39m,
  intensityBand: [32m'medium'[39m,
  wasFallback: [33mfalse[39m,
  timestamp: [33m1769583881146[39m,
  userAgent: [32m'Node.js/22'[39m
}
[INFO] BreakthroughHistory: Breakthrough recorded {
  variantId: [32m'test-variant-7'[39m,
  seed: [33m7000[39m,
  completed: [33mfalse[39m,
  wasFallback: [33mfalse[39m
}

[90mstdout[2m | src/lib/__tests__/breakthrough-lifecycle.test.ts[2m > [22m[2mBreakthrough Director Lifecycle[2m > [22m[2mAbort Phase[2m > [22m[2mcleans up state on abort
[22m[39m[INFO] BreakthroughDirector: Breakthrough event {
  eventType: [32m'started'[39m,
  variantId: [32m'test-variant-8'[39m,
  seed: [33m8000[39m,
  intensityBand: [32m'medium'[39m,
  qualityTier: [32m'mid'[39m,
  duration: [33m0.04179999999996653[39m,
  avgFps: [90mundefined[39m,
  minFps: [90mundefined[39m,
  error: [90mundefined[39m,
  timestamp: [33m1769583881155[39m
}
[Analytics] cinematic_started: {
  variant: [32m'test-variant-8'[39m,
  duration: [33m0.04179999999996653[39m,
  seed: [33m8000[39m,
  intensityBand: [32m'medium'[39m,
  wasFallback: [33mfalse[39m,
  timestamp: [33m1769583881156[39m,
  userAgent: [32m'Node.js/22'[39m
}

[90mstdout[2m | src/lib/__tests__/breakthrough-lifecycle.test.ts[2m > [22m[2mBreakthrough Director Lifecycle[2m > [22m[2mAbort Phase[2m > [22m[2mcleans up state on abort
[22m[39m[INFO] BreakthroughDirector: Breakthrough aborted { reason: [32m'test'[39m }
[INFO] BreakthroughDirector: Breakthrough event {
  eventType: [32m'aborted'[39m,
  variantId: [32m'test-variant-8'[39m,
  seed: [33m8000[39m,
  intensityBand: [32m'medium'[39m,
  qualityTier: [32m'mid'[39m,
  duration: [33m2.8393999999998414[39m,
  avgFps: [90mundefined[39m,
  minFps: [90mundefined[39m,
  error: [90mundefined[39m,
  timestamp: [33m1769583881158[39m
}
[Analytics] feature_used: {
  feature: [32m'cinematic_skipped'[39m,
  metadata: { variant: [32m'test-variant-8'[39m, progress: [90mundefined[39m }
}
[Analytics] cinematic_skipped: {
  variant: [32m'test-variant-8'[39m,
  duration: [33m2.8393999999998414[39m,
  seed: [33m8000[39m,
  intensityBand: [32m'medium'[39m,
  wasFallback: [33mfalse[39m,
  timestamp: [33m1769583881158[39m,
  userAgent: [32m'Node.js/22'[39m
}
[INFO] BreakthroughHistory: Breakthrough recorded {
  variantId: [32m'test-variant-8'[39m,
  seed: [33m8000[39m,
  completed: [33mfalse[39m,
  wasFallback: [33mfalse[39m
}

[90mstdout[2m | src/lib/__tests__/breakthrough-lifecycle.test.ts[2m > [22m[2mFPS Monitoring and Safe Mode[2m > [22m[2maccepts FPS reports
[22m[39m[INFO] BreakthroughDirector: Breakthrough event {
  eventType: [32m'started'[39m,
  variantId: [32m'test-variant-9'[39m,
  seed: [33m9000[39m,
  intensityBand: [32m'medium'[39m,
  qualityTier: [32m'mid'[39m,
  duration: [33m0.027599999999893043[39m,
  avgFps: [90mundefined[39m,
  minFps: [90mundefined[39m,
  error: [90mundefined[39m,
  timestamp: [33m1769583881165[39m
}
[Analytics] cinematic_started: {
  variant: [32m'test-variant-9'[39m,
  duration: [33m0.027599999999893043[39m,
  seed: [33m9000[39m,
  intensityBand: [32m'medium'[39m,
  wasFallback: [33mfalse[39m,
  timestamp: [33m1769583881166[39m,
  userAgent: [32m'Node.js/22'[39m
}

[90mstdout[2m | src/lib/__tests__/breakthrough-lifecycle.test.ts[2m > [22m[2mFPS Monitoring and Safe Mode[2m > [22m[2mcan manually trigger safe mode
[22m[39m[INFO] BreakthroughDirector: Breakthrough event {
  eventType: [32m'started'[39m,
  variantId: [32m'test-variant-10'[39m,
  seed: [33m10000[39m,
  intensityBand: [32m'medium'[39m,
  qualityTier: [32m'mid'[39m,
  duration: [33m0.0443000000000211[39m,
  avgFps: [90mundefined[39m,
  minFps: [90mundefined[39m,
  error: [90mundefined[39m,
  timestamp: [33m1769583881170[39m
}
[Analytics] cinematic_started: {
  variant: [32m'test-variant-10'[39m,
  duration: [33m0.0443000000000211[39m,
  seed: [33m10000[39m,
  intensityBand: [32m'medium'[39m,
  wasFallback: [33mfalse[39m,
  timestamp: [33m1769583881170[39m,
  userAgent: [32m'Node.js/22'[39m
}

[90mstderr[2m | src
/lib/__tests__/breakt
hrough-lifecycle.test
.ts[2m > 
[22m[2mFPS 
Monitoring and Safe 
Mode[2m > 
[22m[2mcan 
manually trigger 
safe mode
[22m[39m[WARN] Brea
kthroughDirector: 
Triggering safe mode 

[90mstdout[2m | src/lib/__tests__/breakthrough-lifecycle.test.ts[2m > [22m[2mFPS Monitoring and Safe Mode[2m > [22m[2mcan manually trigger safe mode
[22m[39m[INFO] BreakthroughDirector: Breakthrough event {
  eventType: [32m'fallback'[39m,
  variantId: [32m'test-variant-10'[39m,
  seed: [33m10000[39m,
  intensityBand: [32m'medium'[39m,
  qualityTier: [32m'mid'[39m,
  duration: [33m2.2512000000001535[39m,
  avgFps: [90mundefined[39m,
  minFps: [90mundefined[39m,
  error: [90mundefined[39m,
  timestamp: [33m1769583881172[39m
}
[Analytics] cinematic_started: {
  variant: [32m'test-variant-10'[39m,
  duration: [33m2.2512000000001535[39m,
  seed: [33m10000[39m,
  intensityBand: [32m'medium'[39m,
  wasFallback: [33mtrue[39m,
  timestamp: [33m1769583881172[39m,
  userAgent: [32m'Node.js/22'[39m
}

[90mstdout[2m | src/lib/__tests__/breakthrough-lifecycle.test.ts[2m > [22m[2mPhysics Worker Pause/Resume[2m > [22m[2mpauses physics on play
[22m[39m[INFO] BreakthroughDirector: Breakthrough event {
  eventType: [32m'started'[39m,
  variantId: [32m'test-variant-11'[39m,
  seed: [33m11000[39m,
  intensityBand: [32m'medium'[39m,
  qualityTier: [32m'mid'[39m,
  duration: [33m0.011499999999614374[39m,
  avgFps: [90mundefined[39m,
  minFps: [90mundefined[39m,
  error: [90mundefined[39m,
  timestamp: [33m1769583881175[39m
}
[Analytics] cinematic_started: {
  variant: [32m'test-variant-11'[39m,
  duration: [33m0.011499999999614374[39m,
  seed: [33m11000[39m,
  intensityBand: [32m'medium'[39m,
  wasFallback: [33mfalse[39m,
  timestamp: [33m1769583881175[39m,
  userAgent: [32m'Node.js/22'[39m
}

[90mstdout[2m | src/lib/__tests__/breakthrough-lifecycle.test.ts[2m > [22m[2mPhysics Worker Pause/Resume[2m > [22m[2mcomplete triggers finalization
[22m[39m[INFO] BreakthroughDirector: Breakthrough event {
  eventType: [32m'started'[39m,
  variantId: [32m'test-variant-12'[39m,
  seed: [33m12000[39m,
  intensityBand: [32m'medium'[39m,
  qualityTier: [32m'mid'[39m,
  duration: [33m0.022800000000188447[39m,
  avgFps: [90mundefined[39m,
  minFps: [90mundefined[39m,
  error: [90mundefined[39m,
  timestamp: [33m1769583881176[39m
}
[Analytics] cinematic_started: {
  variant: [32m'test-variant-12'[39m,
  duration: [33m0.022800000000188447[39m,
  seed: [33m12000[39m,
  intensityBand: [32m'medium'[39m,
  wasFallback: [33mfalse[39m,
  timestamp: [33m1769583881177[39m,
  userAgent: [32m'Node.js/22'[39m
}

[90mstdout[2m | src/lib/__tests__/breakthrough-lifecycle.test.ts[2m > [22m[2mPhysics Worker Pause/Resume[2m > [22m[2mcomplete triggers finalization
[22m[39m[INFO] BreakthroughHistory: Breakthrough recorded {
  variantId: [32m'test-variant-12'[39m,
  seed: [33m12000[39m,
  completed: [33mtrue[39m,
  wasFallback: [33mfalse[39m
}
[INFO] BreakthroughDirector: Breakthrough event {
  eventType: [32m'completed'[39m,
  variantId: [32m'test-variant-12'[39m,
  seed: [33m12000[39m,
  intensityBand: [32m'medium'[39m,
  qualityTier: [32m'mid'[39m,
  duration: [33m312.74850000000015[39m,
  avgFps: [90mundefined[39m,
  minFps: [90mundefined[39m,
  error: [90mundefined[39m,
  timestamp: [33m1769583881489[39m
}
[Analytics] feature_used: {
  feature: [32m'cinematic_played'[39m,
  metadata: { variant: [32m'test-variant-12'[39m }
}
[Analytics] cinematic_completed: {
  variant: [32m'test-variant-12'[39m,
  duration: [33m312.74850000000015[39m,
  seed: [33m12000[39m,
  intensityBand: [32m'medium'[39m,
  wasFallback: [33mfalse[39m,
  timestamp: [33m1769583881489[39m,
  userAgent: [32m'Node.js/22'[39m
}

[90mstdout[2m | src/lib/__tests__/breakthrough-lifecycle.test.ts[2m > [22m[2mPhysics Worker Pause/Resume[2m > [22m[2mabort triggers finalization
[22m[39m[INFO] BreakthroughDirector: Breakthrough event {
  eventType: [32m'started'[39m,
  variantId: [32m'test-variant-13'[39m,
  seed: [33m13000[39m,
  intensityBand: [32m'medium'[39m,
  qualityTier: [32m'mid'[39m,
  duration: [33m0.013800000000173895[39m,
  avgFps: [90mundefined[39m,
  minFps: [90mundefined[39m,
  error: [90mundefined[39m,
  timestamp: [33m1769583881536[39m
}
[Analytics] cinematic_started: {
  variant: [32m'test-variant-13'[39m,
  duration: [33m0.013800000000173895[39m,
  seed: [33m13000[39m,
  intensityBand: [32m'medium'[39m,
  wasFallback: [33mfalse[39m,
  timestamp: [33m1769583881536[39m,
  userAgent: [32m'Node.js/22'[39m
}

[90mstdout[2m | src/lib/__tests__/breakthrough-lifecycle.test.ts[2m > [22m[2mPhysics Worker Pause/Resume[2m > [22m[2mabort triggers finalization
[22m[39m[INFO] BreakthroughDirector: Breakthrough aborted { reason: [32m'test'[39m }
[INFO] BreakthroughDirector: Breakthrough event {
  eventType: [32m'aborted'[39m,
  variantId: [32m'test-variant-13'[39m,
  seed: [33m13000[39m,
  intensityBand: [32m'medium'[39m,
  qualityTier: [32m'mid'[39m,
  duration: [33m1.0484000000001288[39m,
  avgFps: [90mundefined[39m,
  minFps: [90mundefined[39m,
  error: [90mundefined[39m,
  timestamp: [33m1769583881537[39m
}
[Analytics] feature_used: {
  feature: [32m'cinematic_skipped'[39m,
  metadata: { variant: [32m'test-variant-13'[39m, progress: [90mundefined[39m }
}
[Analytics] cinematic_skipped: {
  variant: [32m'test-variant-13'[39m,
  duration: [33m1.0484000000001288[39m,
  seed: [33m13000[39m,
  intensityBand: [32m'medium'[39m,
  wasFallback: [33mfalse[39m,
  timestamp: [33m1769583881537[39m,
  userAgent: [32m'Node.js/22'[39m
}
[INFO] BreakthroughHistory: Breakthrough recorded {
  variantId: [32m'test-variant-13'[39m,
  seed: [33m13000[39m,
  completed: [33mfalse[39m,
  wasFallback: [33mfalse[39m
}

[90mstdout[2m | src/lib/__tests__/breakthrough-lifecycle.test.ts[2m > [22m[2mReduced Motion Support[2m > [22m[2mrespects reduced motion preference in variant selection
[22m[39m[INFO] BreakthroughSelector: Variant selected {
  variantId: [32m'weight_lift'[39m,
  seed: [33m1250584306[39m,
  score: [33m0.825[39m,
  eligibleCount: [33m44[39m
}
[INFO] BreakthroughDirector: Prewarm complete { variantId: [32m'weight_lift'[39m }

[90mstdout[2m | src/lib/__tests__/breakthrough-lifecycle.test.ts[2m > [22m[2mReduced Motion Support[2m > [22m[2mrespects reduced motion preference in variant selection
[22m[39m[INFO] BreakthroughSelector: Variant selected {
  variantId: [32m'mist_clear'[39m,
  seed: [33m1201520799[39m,
  score: [33m0.7999999999999999[39m,
  eligibleCount: [33m9[39m
}
[INFO] BreakthroughDirector: Prewarm complete { variantId: [32m'mist_clear'[39m }

[90mstdout[2m | src/lib/__tests__/breakthrough-lifecycle.test.ts[2m > [22m[2mQuality Tier Adaptation[2m > [22m[2madapts duration for quality tiers
[22m[39m[INFO] BreakthroughSelector: Variant selected {
  variantId: [32m'breath_out'[39m,
  seed: [33m1241975525[39m,
  score: [33m0.825[39m,
  eligibleCount: [33m25[39m
}
[INFO] BreakthroughDirector: Prewarm complete { variantId: [32m'breath_out'[39m }
[INFO] BreakthroughSelector: Variant selected {
  variantId: [32m'particle_unbind'[39m,
  seed: [33m1680646575[39m,
  score: [33m0.825[39m,
  eligibleCount: [33m44[39m
}
[INFO] BreakthroughDirector: Prewarm complete { variantId: [32m'particle_unbind'[39m }
[INFO] BreakthroughSelector: Variant selected {
  variantId: [32m'tension_dissolve'[39m,
  seed: [33m1128722758[39m,
  score: [33m0.825[39m,
  eligibleCount: [33m44[39m
}
[INFO] BreakthroughDirector: Prewarm complete { variantId: [32m'tension_dissolve'[39m }

[90mstdout[2m | src/lib/__tests__/breakthrough-lifecycle.test.ts[2m > [22m[2mQuality Tier Adaptation[2m > [22m[2mproduces valid variants for all tiers
[22m[39m[INFO] BreakthroughSelector: Variant selected {
  variantId: [32m'tension_dissolve'[39m,
  seed: [33m2107578407[39m,
  score: [33m0.825[39m,
  eligibleCount: [33m25[39m
}
[INFO] BreakthroughDirector: Prewarm complete { variantId: [32m'tension_dissolve'[39m }

[90mstdout[2m | src/lib/__tests__/breakthrough-lifecycle.test.ts[2m > [22m[2mQuality Tier Adaptation[2m > [22m[2mproduces valid variants for all tiers
[22m[39m[INFO] BreakthroughSelector: Variant selected {
  variantId: [32m'weight_lift'[39m,
  seed: [33m1279635177[39m,
  score: [33m0.825[39m,
  eligibleCount: [33m44[39m
}
[INFO] BreakthroughDirector: Prewarm complete { variantId: [32m'weight_lift'[39m }

[90mstdout[2m | src/lib/__tests__/breakthrough-lifecycle.test.ts[2m > [22m[2mQuality Tier Adaptation[2m > [22m[2mproduces valid variants for all tiers
[22m[39m[INFO] BreakthroughSelector: Variant selected {
  variantId: [32m'particle_unbind'[39m,
  seed: [33m1817630131[39m,
  score: [33m0.825[39m,
  eligibleCount: [33m44[39m
}
[INFO] BreakthroughDirector: Prewarm complete { variantId: [32m'particle_unbind'[39m }

[90mstdout[2m | src/lib/__tests__/breakthrough-lifecycle.test.ts[2m > [22m[2mError Handling[2m > [22m[2mhandles WebGL context loss gracefully
[22m[39m[INFO] BreakthroughDirector: Breakthrough event {
  eventType: [32m'started'[39m,
  variantId: [32m'test-variant-14'[39m,
  seed: [33m14000[39m,
  intensityBand: [32m'medium'[39m,
  qualityTier: [32m'mid'[39m,
  duration: [33m0.002900000000408909[39m,
  avgFps: [90mundefined[39m,
  minFps: [90mundefined[39m,
  error: [90mundefined[39m,
  timestamp: [33m1769583881547[39m
}
[Analytics] cinematic_started: {
  variant: [32m'test-variant-14'[39m,
  duration: [33m0.002900000000408909[39m,
  seed: [33m14000[39m,
  intensityBand: [32m'medium'[39m,
  wasFallback: [33mfalse[39m,
  timestamp: [33m1769583881547[39m,
  userAgent: [32m'Node.js/22'[39m
}

[90mstderr[2m | src
/lib/__tests__/breakt
hrough-lifecycle.test
.ts[2m > 
[22m[2mError 
Handling[2m > 
[22m[2mhandles 
WebGL context loss 
gracefully
[22m[39m[WARN] Brea
kthroughDirector: 
WebGL context lost 
during breakthrough 
- forcing immediate 
completion 

[90mstdout[2m | src/lib/__tests__/breakthrough-lifecycle.test.ts[2m > [22m[2mError Handling[2m > [22m[2mhandles WebGL context loss gracefully
[22m[39m[INFO] BreakthroughDirector: Breakthrough event {
  eventType: [32m'error'[39m,
  variantId: [32m'test-variant-14'[39m,
  seed: [33m14000[39m,
  intensityBand: [32m'medium'[39m,
  qualityTier: [32m'mid'[39m,
  duration: [33m0.4438000000000102[39m,
  avgFps: [90mundefined[39m,
  minFps: [90mundefined[39m,
  error: [90mundefined[39m,
  timestamp: [33m1769583881548[39m
}
[Analytics] cinematic_error: {
  variant: [32m'test-variant-14'[39m,
  duration: [33m0.4438000000000102[39m,
  seed: [33m14000[39m,
  intensityBand: [32m'medium'[39m,
  wasFallback: [33mfalse[39m,
  timestamp: [33m1769583881548[39m,
  userAgent: [32m'Node.js/22'[39m
}
[INFO] BreakthroughHistory: Breakthrough recorded {
  variantId: [32m'test-variant-14'[39m,
  seed: [33m14000[39m,
  completed: [33mfalse[39m,
  wasFallback: [33mfalse[39m
}

[90mstderr[2m | src
/lib/__tests__/breakt
hrough-lifecycle.test
.ts[2m > 
[22m[2mError 
Handling[2m > 
[22m[2mignores 
WebGL context loss 
when not playing
[22m[39m[WARN] Brea
kthroughDirector: 
WebGL context lost 
during breakthrough 
- forcing immediate 
completion 

 [32mΓ£ô[39m src/lib/__tests__/breakthrough-lifecycle.test.ts [2m([22m[2m26 tests[22m[2m)[22m[33m 1203[2mms[22m[39m
       [33m[2mΓ£ô[22m[39m transitions to idle after settle timeout [33m 360[2mms[22m[39m
       [33m[2mΓ£ô[22m[39m cleans up variant reference on complete [33m 365[2mms[22m[39m
     [33m[2mΓ£ô[22m[39m complete triggers finalization [33m 359[2mms[22m[39m

[2m Test Files [22m [1m[32m12 passed[39m[22m[90m (12)[39m
[2m      Tests [22m [1m[32m172 passed[39m[22m[90m (172)[39m
[2m   Start at [22m 00:04:38
[2m   Duration [22m 2.59s[2m (transform 2.89s, setup 0ms, import 4.22s, tests 1.89s, environment 7ms)[22m

